Archive member included to satisfy reference by file (symbol)

../Middlewares/ST/AI/Lib\NetworkRuntime700_CM4_GCC.a(ai_platform_interface.o)
                              ./X-CUBE-AI/App/har.o (ai_platform_get_weights_map)
../Middlewares/ST/AI/Lib\NetworkRuntime700_CM4_GCC.a(core_mem_manager.o)
                              ../Middlewares/ST/AI/Lib\NetworkRuntime700_CM4_GCC.a(ai_platform_interface.o) (core_mem_alloc)
../Middlewares/ST/AI/Lib\NetworkRuntime700_CM4_GCC.a(core_common.o)
                              ../Middlewares/ST/AI/Lib\NetworkRuntime700_CM4_GCC.a(ai_platform_interface.o) (core_init)
../Middlewares/ST/AI/Lib\NetworkRuntime700_CM4_GCC.a(layers_conv2d_generic_float.o)
                              ./X-CUBE-AI/App/har.o (forward_dense)
../Middlewares/ST/AI/Lib\NetworkRuntime700_CM4_GCC.a(layers_rnn_generic_float.o)
                              ./X-CUBE-AI/App/har.o (forward_lstm)
../Middlewares/ST/AI/Lib\NetworkRuntime700_CM4_GCC.a(layers_nl_generic_float.o)
                              ./X-CUBE-AI/App/har.o (nl_func_sigmoid_array_f32)
../Middlewares/ST/AI/Lib\NetworkRuntime700_CM4_GCC.a(layers_pool_generic_float.o)
                              ./X-CUBE-AI/App/har.o (forward_ap)
../Middlewares/ST/AI/Lib\NetworkRuntime700_CM4_GCC.a(layers.o)
                              ../Middlewares/ST/AI/Lib\NetworkRuntime700_CM4_GCC.a(ai_platform_interface.o) (ai_check_custom_types)
../Middlewares/ST/AI/Lib\NetworkRuntime700_CM4_GCC.a(arm_mat_init_f32.o)
                              ../Middlewares/ST/AI/Lib\NetworkRuntime700_CM4_GCC.a(layers_conv2d_generic_float.o) (st_dsp_arm_mat_init_f32)
../Middlewares/ST/AI/Lib\NetworkRuntime700_CM4_GCC.a(ai_datatypes_format.o)
                              ../Middlewares/ST/AI/Lib\NetworkRuntime700_CM4_GCC.a(ai_platform_interface.o) (ai_array_to_buffer_fmt)
../Middlewares/ST/AI/Lib\NetworkRuntime700_CM4_GCC.a(ai_math_helpers.o)
                              ../Middlewares/ST/AI/Lib\NetworkRuntime700_CM4_GCC.a(layers_nl_generic_float.o) (ai_math_sqrt)
../Middlewares/ST/AI/Lib\NetworkRuntime700_CM4_GCC.a(st_convolve_reference.o)
                              ../Middlewares/ST/AI/Lib\NetworkRuntime700_CM4_GCC.a(ai_math_helpers.o) (align_factor)
c:/st/stm32cubeide_1.7.0/stm32cubeide/plugins/com.st.stm32cube.ide.mcu.externaltools.gnu-tools-for-stm32.9-2020-q2-update.win32_2.0.0.202105311346/tools/bin/../lib/gcc/arm-none-eabi/9.3.1/../../../../arm-none-eabi/lib/thumb/v7e-m+fp/hard\libc_nano.a(lib_a-errno.o)
                              ./Core/Src/sysmem.o (__errno)
c:/st/stm32cubeide_1.7.0/stm32cubeide/plugins/com.st.stm32cube.ide.mcu.externaltools.gnu-tools-for-stm32.9-2020-q2-update.win32_2.0.0.202105311346/tools/bin/../lib/gcc/arm-none-eabi/9.3.1/../../../../arm-none-eabi/lib/thumb/v7e-m+fp/hard\libc_nano.a(lib_a-exit.o)
                              c:/st/stm32cubeide_1.7.0/stm32cubeide/plugins/com.st.stm32cube.ide.mcu.externaltools.gnu-tools-for-stm32.9-2020-q2-update.win32_2.0.0.202105311346/tools/bin/../lib/gcc/arm-none-eabi/9.3.1/../../../../arm-none-eabi/lib/thumb/v7e-m+fp/hard/crt0.o (exit)
c:/st/stm32cubeide_1.7.0/stm32cubeide/plugins/com.st.stm32cube.ide.mcu.externaltools.gnu-tools-for-stm32.9-2020-q2-update.win32_2.0.0.202105311346/tools/bin/../lib/gcc/arm-none-eabi/9.3.1/../../../../arm-none-eabi/lib/thumb/v7e-m+fp/hard\libc_nano.a(lib_a-impure.o)
                              c:/st/stm32cubeide_1.7.0/stm32cubeide/plugins/com.st.stm32cube.ide.mcu.externaltools.gnu-tools-for-stm32.9-2020-q2-update.win32_2.0.0.202105311346/tools/bin/../lib/gcc/arm-none-eabi/9.3.1/../../../../arm-none-eabi/lib/thumb/v7e-m+fp/hard\libc_nano.a(lib_a-exit.o) (_global_impure_ptr)
c:/st/stm32cubeide_1.7.0/stm32cubeide/plugins/com.st.stm32cube.ide.mcu.externaltools.gnu-tools-for-stm32.9-2020-q2-update.win32_2.0.0.202105311346/tools/bin/../lib/gcc/arm-none-eabi/9.3.1/../../../../arm-none-eabi/lib/thumb/v7e-m+fp/hard\libc_nano.a(lib_a-init.o)
                              c:/st/stm32cubeide_1.7.0/stm32cubeide/plugins/com.st.stm32cube.ide.mcu.externaltools.gnu-tools-for-stm32.9-2020-q2-update.win32_2.0.0.202105311346/tools/bin/../lib/gcc/arm-none-eabi/9.3.1/../../../../arm-none-eabi/lib/thumb/v7e-m+fp/hard/crt0.o (__libc_init_array)
c:/st/stm32cubeide_1.7.0/stm32cubeide/plugins/com.st.stm32cube.ide.mcu.externaltools.gnu-tools-for-stm32.9-2020-q2-update.win32_2.0.0.202105311346/tools/bin/../lib/gcc/arm-none-eabi/9.3.1/../../../../arm-none-eabi/lib/thumb/v7e-m+fp/hard\libc_nano.a(lib_a-malloc.o)
                              ./Core/Src/main.o (malloc)
c:/st/stm32cubeide_1.7.0/stm32cubeide/plugins/com.st.stm32cube.ide.mcu.externaltools.gnu-tools-for-stm32.9-2020-q2-update.win32_2.0.0.202105311346/tools/bin/../lib/gcc/arm-none-eabi/9.3.1/../../../../arm-none-eabi/lib/thumb/v7e-m+fp/hard\libc_nano.a(lib_a-memcpy-stub.o)
                              ./Core/Src/kalman.o (memcpy)
[...]
Memory Configuration

Name             Origin             Length             Attributes
RAM              0x0000000020000000 0x0000000000020000 xrw
FLASH            0x0000000008000000 0x0000000000080000 xr
*default*        0x0000000000000000 0xffffffffffffffff

Linker script and memory map

LOAD c:/st/stm32cubeide_1.7.0/stm32cubeide/plugins/com.st.stm32cube.ide.mcu.externaltools.gnu-tools-for-stm32.9-2020-q2-update.win32_2.0.0.202105311346/tools/bin/../lib/gcc/arm-none-eabi/9.3.1/thumb/v7e-m+fp/hard/crti.o
LOAD c:/st/stm32cubeide_1.7.0/stm32cubeide/plugins/com.st.stm32cube.ide.mcu.externaltools.gnu-tools-for-stm32.9-2020-q2-update.win32_2.0.0.202105311346/tools/bin/../lib/gcc/arm-none-eabi/9.3.1/thumb/v7e-m+fp/hard/crtbegin.o
LOAD c:/st/stm32cubeide_1.7.0/stm32cubeide/plugins/com.st.stm32cube.ide.mcu.externaltools.gnu-tools-for-stm32.9-2020-q2-update.win32_2.0.0.202105311346/tools/bin/../lib/gcc/arm-none-eabi/9.3.1/../../../../arm-none-eabi/lib/thumb/v7e-m+fp/hard/crt0.o
LOAD ./Core/Src/fonts.o
LOAD ./Core/Src/freertos.o
LOAD ./Core/Src/kalman.o
LOAD ./Core/Src/main.o
LOAD ./Core/Src/max30100.o
LOAD ./Core/Src/mpu6050.o
LOAD ./Core/Src/ssd1306.o
LOAD ./Core/Src/stm32f4xx_hal_msp.o
LOAD ./Core/Src/stm32f4xx_it.o
LOAD ./Core/Src/sysmem.o
LOAD ./Core/Src/system_stm32f4xx.o
LOAD ./Core/Startup/startup_stm32f411retx.o
LOAD ./Drivers/STM32F4xx_HAL_Driver/Src/stm32f4xx_hal.o
LOAD ./Drivers/STM32F4xx_HAL_Driver/Src/stm32f4xx_hal_cortex.o
LOAD ./Drivers/STM32F4xx_HAL_Driver/Src/stm32f4xx_hal_crc.o
LOAD ./Drivers/STM32F4xx_HAL_Driver/Src/stm32f4xx_hal_dma.o
LOAD ./Drivers/STM32F4xx_HAL_Driver/Src/stm32f4xx_hal_dma_ex.o
LOAD ./Drivers/STM32F4xx_HAL_Driver/Src/stm32f4xx_hal_exti.o
LOAD ./Drivers/STM32F4xx_HAL_Driver/Src/stm32f4xx_hal_flash.o
LOAD ./Drivers/STM32F4xx_HAL_Driver/Src/stm32f4xx_hal_flash_ex.o
LOAD ./Drivers/STM32F4xx_HAL_Driver/Src/stm32f4xx_hal_flash_ramfunc.o
LOAD ./Drivers/STM32F4xx_HAL_Driver/Src/stm32f4xx_hal_gpio.o
LOAD ./Drivers/STM32F4xx_HAL_Driver/Src/stm32f4xx_hal_i2c.o
LOAD ./Drivers/STM32F4xx_HAL_Driver/Src/stm32f4xx_hal_i2c_ex.o
LOAD ./Drivers/STM32F4xx_HAL_Driver/Src/stm32f4xx_hal_pwr.o
LOAD ./Drivers/STM32F4xx_HAL_Driver/Src/stm32f4xx_hal_pwr_ex.o
LOAD ./Drivers/STM32F4xx_HAL_Driver/Src/stm32f4xx_hal_rcc.o
LOAD ./Drivers/STM32F4xx_HAL_Driver/Src/stm32f4xx_hal_rcc_ex.o
LOAD ./Drivers/STM32F4xx_HAL_Driver/Src/stm32f4xx_hal_tim.o
LOAD ./Drivers/STM32F4xx_HAL_Driver/Src/stm32f4xx_hal_tim_ex.o
LOAD ./Drivers/STM32F4xx_HAL_Driver/Src/stm32f4xx_hal_uart.o
LOAD ./Middlewares/Third_Party/FreeRTOS/Source/CMSIS_RTOS_V2/cmsis_os2.o
LOAD ./Middlewares/Third_Party/FreeRTOS/Source/croutine.o
LOAD ./Middlewares/Third_Party/FreeRTOS/Source/event_groups.o
LOAD ./Middlewares/Third_Party/FreeRTOS/Source/list.o
LOAD ./Middlewares/Third_Party/FreeRTOS/Source/queue.o
LOAD ./Middlewares/Third_Party/FreeRTOS/Source/stream_buffer.o
LOAD ./Middlewares/Third_Party/FreeRTOS/Source/tasks.o
LOAD ./Middlewares/Third_Party/FreeRTOS/Source/timers.o
LOAD ./Middlewares/Third_Party/FreeRTOS/Source/portable/GCC/ARM_CM4F/port.o
LOAD ./Middlewares/Third_Party/FreeRTOS/Source/portable/MemMang/heap_4.o
LOAD ./X-CUBE-AI/App/har.o
LOAD ./X-CUBE-AI/App/har_data.o
LOAD ./X-CUBE-AI/App/network.o
LOAD ./X-CUBE-AI/App/network_data.o
LOAD ../Middlewares/ST/AI/Lib\NetworkRuntime700_CM4_GCC.a
START GROUP
LOAD c:/st/stm32cubeide_1.7.0/stm32cubeide/plugins/com.st.stm32cube.ide.mcu.externaltools.gnu-tools-for-stm32.9-2020-q2-update.win32_2.0.0.202105311346/tools/bin/../lib/gcc/arm-none-eabi/9.3.1/../../../../arm-none-eabi/lib/thumb/v7e-m+fp/hard\libc_nano.a
LOAD c:/st/stm32cubeide_1.7.0/stm32cubeide/plugins/com.st.stm32cube.ide.mcu.externaltools.gnu-tools-for-stm32.9-2020-q2-update.win32_2.0.0.202105311346/tools/bin/../lib/gcc/arm-none-eabi/9.3.1/../../../../arm-none-eabi/lib/thumb/v7e-m+fp/hard\libm.a
END GROUP
START GROUP
LOAD c:/st/stm32cubeide_1.7.0/stm32cubeide/plugins/com.st.stm32cube.ide.mcu.externaltools.gnu-tools-for-stm32.9-2020-q2-update.win32_2.0.0.202105311346/tools/bin/../lib/gcc/arm-none-eabi/9.3.1/thumb/v7e-m+fp/hard\libgcc.a
LOAD c:/st/stm32cubeide_1.7.0/stm32cubeide/plugins/com.st.stm32cube.ide.mcu.externaltools.gnu-tools-for-stm32.9-2020-q2-update.win32_2.0.0.202105311346/tools/bin/../lib/gcc/arm-none-eabi/9.3.1/../../../../arm-none-eabi/lib/thumb/v7e-m+fp/hard\libc_nano.a
END GROUP
START GROUP
LOAD c:/st/stm32cubeide_1.7.0/stm32cubeide/plugins/com.st.stm32cube.ide.mcu.externaltools.gnu-tools-for-stm32.9-2020-q2-update.win32_2.0.0.202105311346/tools/bin/../lib/gcc/arm-none-eabi/9.3.1/thumb/v7e-m+fp/hard\libgcc.a
LOAD c:/st/stm32cubeide_1.7.0/stm32cubeide/plugins/com.st.stm32cube.ide.mcu.externaltools.gnu-tools-for-stm32.9-2020-q2-update.win32_2.0.0.202105311346/tools/bin/../lib/gcc/arm-none-eabi/9.3.1/../../../../arm-none-eabi/lib/thumb/v7e-m+fp/hard\libc_nano.a
LOAD c:/st/stm32cubeide_1.7.0/stm32cubeide/plugins/com.st.stm32cube.ide.mcu.externaltools.gnu-tools-for-stm32.9-2020-q2-update.win32_2.0.0.202105311346/tools/bin/../lib/gcc/arm-none-eabi/9.3.1/../../../../arm-none-eabi/lib/thumb/v7e-m+fp/hard\libnosys.a
END GROUP
START GROUP
LOAD c:/st/stm32cubeide_1.7.0/stm32cubeide/plugins/com.st.stm32cube.ide.mcu.externaltools.gnu-tools-for-stm32.9-2020-q2-update.win32_2.0.0.202105311346/tools/bin/../lib/gcc/arm-none-eabi/9.3.1/thumb/v7e-m+fp/hard\libgcc.a
LOAD c:/st/stm32cubeide_1.7.0/stm32cubeide/plugins/com.st.stm32cube.ide.mcu.externaltools.gnu-tools-for-stm32.9-2020-q2-update.win32_2.0.0.202105311346/tools/bin/../lib/gcc/arm-none-eabi/9.3.1/../../../../arm-none-eabi/lib/thumb/v7e-m+fp/hard\libc_nano.a
LOAD c:/st/stm32cubeide_1.7.0/stm32cubeide/plugins/com.st.stm32cube.ide.mcu.externaltools.gnu-tools-for-stm32.9-2020-q2-update.win32_2.0.0.202105311346/tools/bin/../lib/gcc/arm-none-eabi/9.3.1/../../../../arm-none-eabi/lib/thumb/v7e-m+fp/hard\libnosys.a
END GROUP
LOAD c:/st/stm32cubeide_1.7.0/stm32cubeide/plugins/com.st.stm32cube.ide.mcu.externaltools.gnu-tools-for-stm32.9-2020-q2-update.win32_2.0.0.202105311346/tools/bin/../lib/gcc/arm-none-eabi/9.3.1/thumb/v7e-m+fp/hard/crtend.o
LOAD c:/st/stm32cubeide_1.7.0/stm32cubeide/plugins/com.st.stm32cube.ide.mcu.externaltools.gnu-tools-for-stm32.9-2020-q2-update.win32_2.0.0.202105311346/tools/bin/../lib/gcc/arm-none-eabi/9.3.1/thumb/v7e-m+fp/hard/crtn.o
                0x0000000020020000                _estack = (ORIGIN (RAM) + LENGTH (RAM))
                0x0000000000000800                _Min_Heap_Size = 0x800
                0x0000000000000800                _Min_Stack_Size = 0x800

.isr_vector     0x0000000008000000      0x198
                0x0000000008000000                . = ALIGN (0x4)
 *(.isr_vector)
 .isr_vector    0x0000000008000000      0x198 ./Core/Startup/startup_stm32f411retx.o
                0x0000000008000000                g_pfnVectors
                0x0000000008000198                . = ALIGN (0x4)

.text           0x00000000080001a0     0xedbc
                0x00000000080001a0                . = ALIGN (0x4)
 *(.text)
 .text          0x00000000080001a0       0x40 c:/st/stm32cubeide_1.7.0/stm32cubeide/plugins/com.st.stm32cube.ide.mcu.externaltools.gnu-tools-for-stm32.9-2020-q2-update.win32_2.0.0.202105311346/tools/bin/../lib/gcc/arm-none-eabi/9.3.1/thumb/v7e-m+fp/hard/crtbegin.o
 .text          0x00000000080001e0       0x10 c:/st/stm32cubeide_1.7.0/stm32cubeide/plugins/com.st.stm32cube.ide.mcu.externaltools.gnu-tools-for-stm32.9-2020-q2-update.win32_2.0.0.202105311346/tools/bin/../lib/gcc/arm-none-eabi/9.3.1/../../../../arm-none-eabi/lib/thumb/v7e-m+fp/hard\libc_nano.a(lib_a-strlen.o)
                0x00000000080001e0                strlen
 .text          0x00000000080001f0       0xa0 c:/st/stm32cubeide_1.7.0/stm32cubeide/plugins/com.st.stm32cube.ide.mcu.externaltools.gnu-tools-for-stm32.9-2020-q2-update.win32_2.0.0.202105311346/tools/bin/../lib/gcc/arm-none-eabi/9.3.1/../../../../arm-none-eabi/lib/thumb/v7e-m+fp/hard\libc_nano.a(lib_a-memchr.o)
                0x00000000080001f0                memchr
 .text          0x0000000008000290      0x378 c:/st/stm32cubeide_1.7.0/stm32cubeide/plugins/com.st.stm32cube.ide.mcu.externaltools.gnu-tools-for-stm32.9-2020-q2-update.win32_2.0.0.202105311346/tools/bin/../lib/gcc/arm-none-eabi/9.3.1/thumb/v7e-m+fp/hard\libgcc.a(_arm_addsubdf3.o)
                0x0000000008000290                __aeabi_drsub
                0x0000000008000298                __aeabi_dsub
                0x0000000008000298                __subdf3
                0x000000000800029c                __aeabi_dadd
                0x000000000800029c                __adddf3
                0x0000000008000514                __floatunsidf
                0x0000000008000514                __aeabi_ui2d
                0x0000000008000534                __floatsidf
                0x0000000008000534                __aeabi_i2d
                0x0000000008000558                __aeabi_f2d
                0x0000000008000558                __extendsfdf2
                0x000000000800059c                __floatundidf
                0x000000000800059c                __aeabi_ul2d
                0x00000000080005ac                __floatdidf
                0x00000000080005ac                __aeabi_l2d
 .text          0x0000000008000608      0x424 c:/st/stm32cubeide_1.7.0/stm32cubeide/plugins/com.st.stm32cube.ide.mcu.externaltools.gnu-tools-for-stm32.9-2020-q2-update.win32_2.0.0.202105311346/tools/bin/../lib/gcc/arm-none-eabi/9.3.1/thumb/v7e-m+fp/hard\libgcc.a(_arm_muldivdf3.o)
                0x0000000008000608                __aeabi_dmul
                0x0000000008000608                __muldf3
                0x000000000800085c                __divdf3
                0x000000000800085c                __aeabi_ddiv
 .text          0x0000000008000a2c      0x110 c:/st/stm32cubeide_1.7.0/stm32cubeide/plugins/com.st.stm32cube.ide.mcu.externaltools.gnu-tools-for-stm32.9-2020-q2-update.win32_2.0.0.202105311346/tools/bin/../lib/gcc/arm-none-eabi/9.3.1/thumb/v7e-m+fp/hard\libgcc.a(_arm_cmpdf2.o)
                0x0000000008000a2c                __gtdf2
                0x0000000008000a2c                __gedf2
                0x0000000008000a34                __ltdf2
                0x0000000008000a34                __ledf2
                0x0000000008000a3c                __nedf2
                0x0000000008000a3c                __eqdf2
                0x0000000008000a3c                __cmpdf2
                0x0000000008000ab8                __aeabi_cdrcmple
                0x0000000008000ac8                __aeabi_cdcmpeq
                0x0000000008000ac8                __aeabi_cdcmple
                0x0000000008000ad8                __aeabi_dcmpeq
                0x0000000008000aec                __aeabi_dcmplt
                0x0000000008000b00                __aeabi_dcmple
                0x0000000008000b14                __aeabi_dcmpge
                0x0000000008000b28                __aeabi_dcmpgt
 .text          0x0000000008000b3c       0x2c c:/st/stm32cubeide_1.7.0/stm32cubeide/plugins/com.st.stm32cube.ide.mcu.externaltools.gnu-tools-for-stm32.9-2020-q2-update.win32_2.0.0.202105311346/tools/bin/../lib/gcc/arm-none-eabi/9.3.1/thumb/v7e-m+fp/hard\libgcc.a(_arm_unorddf2.o)
                0x0000000008000b3c                __unorddf2
                0x0000000008000b3c                __aeabi_dcmpun
 .text          0x0000000008000b68       0x50 c:/st/stm32cubeide_1.7.0/stm32cubeide/plugins/com.st.stm32cube.ide.mcu.externaltools.gnu-tools-for-stm32.9-2020-q2-update.win32_2.0.0.202105311346/tools/bin/../lib/gcc/arm-none-eabi/9.3.1/thumb/v7e-m+fp/hard\libgcc.a(_arm_fixdfsi.o)
                0x0000000008000b68                __aeabi_d2iz
                0x0000000008000b68                __fixdfsi
 .text          0x0000000008000bb8       0xa0 c:/st/stm32cubeide_1.7.0/stm32cubeide/plugins/com.st.stm32cube.ide.mcu.externaltools.gnu-tools-for-stm32.9-2020-q2-update.win32_2.0.0.202105311346/tools/bin/../lib/gcc/arm-none-eabi/9.3.1/thumb/v7e-m+fp/hard\libgcc.a(_arm_truncdfsf2.o)
                0x0000000008000bb8                __truncdfsf2
                0x0000000008000bb8                __aeabi_d2f
 .text          0x0000000008000c58       0x30 c:/st/stm32cubeide_1.7.0/stm32cubeide/plugins/com.st.stm32cube.ide.mcu.externaltools.gnu-tools-for-stm32.9-2020-q2-update.win32_2.0.0.202105311346/tools/bin/../lib/gcc/arm-none-eabi/9.3.1/thumb/v7e-m+fp/hard\libgcc.a(_aeabi_uldivmod.o)
                0x0000000008000c58                __aeabi_uldivmod
 .text          0x0000000008000c88      0x2c4 c:/st/stm32cubeide_1.7.0/stm32cubeide/plugins/com.st.stm32cube.ide.mcu.externaltools.gnu-tools-for-stm32.9-2020-q2-update.win32_2.0.0.202105311346/tools/bin/../lib/gcc/arm-none-eabi/9.3.1/thumb/v7e-m+fp/hard\libgcc.a(_udivmoddi4.o)
                0x0000000008000c88                __udivmoddi4
 .text          0x0000000008000f4c        0x4 c:/st/stm32cubeide_1.7.0/stm32cubeide/plugins/com.st.stm32cube.ide.mcu.externaltools.gnu-tools-for-stm32.9-2020-q2-update.win32_2.0.0.202105311346/tools/bin/../lib/gcc/arm-none-eabi/9.3.1/thumb/v7e-m+fp/hard\libgcc.a(_dvmd_tls.o)
                0x0000000008000f4c                __aeabi_idiv0
                0x0000000008000f4c                __aeabi_ldiv0
 *(.text*)
 .text.SimpleKalmanInit
                0x0000000008000f50       0x3e ./Core/Src/kalman.o
                0x0000000008000f50                SimpleKalmanInit
 *fill*         0x0000000008000f8e        0x2 
 .text.main     0x0000000008000f90      0x320 ./Core/Src/main.o
                0x0000000008000f90                main
 .text.SystemClock_Config
                0x00000000080012b0       0xd0 ./Core/Src/main.o
                0x00000000080012b0                SystemClock_Config
 .text.MX_CRC_Init
                0x0000000008001380       0x28 ./Core/Src/main.o
 .text.MX_I2C1_Init
                0x00000000080013a8       0x5c ./Core/Src/main.o
 .text.MX_USART2_UART_Init
                0x0000000008001404       0x54 ./Core/Src/main.o
 .text.MX_GPIO_Init
                0x0000000008001458       0xec ./Core/Src/main.o
 *fill*         0x0000000008001544        0x4 
 .text.StartTask1
                0x0000000008001548      0x24c ./Core/Src/main.o
                0x0000000008001548                StartTask1
 .text.StartTask02
                0x0000000008001794      0x128 ./Core/Src/main.o
                0x0000000008001794                StartTask02
 .text.StartTask03
                0x00000000080018bc       0x38 ./Core/Src/main.o
                0x00000000080018bc                StartTask03
 .text.gravitystatic
                0x00000000080018f4       0xb8 ./Core/Src/main.o
                0x00000000080018f4                gravitystatic
 .text.max_index
                0x00000000080019ac       0x52 ./Core/Src/main.o
                0x00000000080019ac                max_index
 *fill*         0x00000000080019fe        0x2 
 .text.printresult
                0x0000000008001a00      0x158 ./Core/Src/main.o
                0x0000000008001a00                printresult
 .text.MutexAcquire
                0x0000000008001b58       0x54 ./Core/Src/main.o
                0x0000000008001b58                MutexAcquire
 .text.debug    0x0000000008001bac       0xf4 ./Core/Src/main.o
                0x0000000008001bac                debug
 .text.DisplayStep
                0x0000000008001ca0       0xbc ./Core/Src/main.o
                0x0000000008001ca0                DisplayStep
 .text.MutexRelease
                0x0000000008001d5c       0x50 ./Core/Src/main.o
                0x0000000008001d5c                MutexRelease
 .text.Error_Handler
                0x0000000008001dac        0xa ./Core/Src/main.o
                0x0000000008001dac                Error_Handler
 *fill*         0x0000000008001db6        0x2 
 .text.MPU_Init
                0x0000000008001db8       0xb8 ./Core/Src/mpu6050.o
                0x0000000008001db8                MPU_Init
 .text.MPU_Read_Data
                0x0000000008001e70      0x32c ./Core/Src/mpu6050.o
                0x0000000008001e70                MPU_Read_Data
 *fill*         0x000000000800219c        0x4 
 .text.MPU_Read_Data_forHAR
                0x00000000080021a0      0x198 ./Core/Src/mpu6050.o
                0x00000000080021a0                MPU_Read_Data_forHAR
 .text.MPU_mag2
                0x0000000008002338       0x5a ./Core/Src/mpu6050.o
                0x0000000008002338                MPU_mag2
 *fill*         0x0000000008002392        0x2 
 .text.SSD1306_Init
                0x0000000008002394      0x188 ./Core/Src/ssd1306.o
                0x0000000008002394                SSD1306_Init
 .text.SSD1306_UpdateScreen
                0x000000000800251c       0x5c ./Core/Src/ssd1306.o
                0x000000000800251c                SSD1306_UpdateScreen
 .text.SSD1306_Fill
                0x0000000008002578       0x30 ./Core/Src/ssd1306.o
                0x0000000008002578                SSD1306_Fill
 .text.SSD1306_DrawPixel
                0x00000000080025a8       0xc0 ./Core/Src/ssd1306.o
                0x00000000080025a8                SSD1306_DrawPixel
 .text.SSD1306_GotoXY
                0x0000000008002668       0x2c ./Core/Src/ssd1306.o
                0x0000000008002668                SSD1306_GotoXY
 .text.SSD1306_Putc
                0x0000000008002694      0x100 ./Core/Src/ssd1306.o
                0x0000000008002694                SSD1306_Putc
 .text.SSD1306_Puts
                0x0000000008002794       0x4a ./Core/Src/ssd1306.o
                0x0000000008002794                SSD1306_Puts
 .text.SSD1306_Clear
                0x00000000080027de       0x12 ./Core/Src/ssd1306.o
                0x00000000080027de                SSD1306_Clear
 .text.ssd1306_I2C_Init
                0x00000000080027f0       0x2c ./Core/Src/ssd1306.o
                0x00000000080027f0                ssd1306_I2C_Init
 .text.ssd1306_I2C_WriteMulti
                0x000000000800281c       0x90 ./Core/Src/ssd1306.o
                0x000000000800281c                ssd1306_I2C_WriteMulti
 .text.ssd1306_I2C_Write
                0x00000000080028ac       0x3c ./Core/Src/ssd1306.o
                0x00000000080028ac                ssd1306_I2C_Write
 .text.HAL_MspInit
                0x00000000080028e8       0x58 ./Core/Src/stm32f4xx_hal_msp.o
                0x00000000080028e8                HAL_MspInit
 .text.HAL_CRC_MspInit
                0x0000000008002940       0x44 ./Core/Src/stm32f4xx_hal_msp.o
                0x0000000008002940                HAL_CRC_MspInit
 .text.HAL_I2C_MspInit
                0x0000000008002984       0x90 ./Core/Src/stm32f4xx_hal_msp.o
                0x0000000008002984                HAL_I2C_MspInit
 .text.HAL_UART_MspInit
                0x0000000008002a14       0x90 ./Core/Src/stm32f4xx_hal_msp.o
                0x0000000008002a14                HAL_UART_MspInit
 .text.NMI_Handler
                0x0000000008002aa4        0x6 ./Core/Src/stm32f4xx_it.o
                0x0000000008002aa4                NMI_Handler
 .text.HardFault_Handler
                0x0000000008002aaa        0x6 ./Core/Src/stm32f4xx_it.o
                0x0000000008002aaa                HardFault_Handler
 .text.MemManage_Handler
                0x0000000008002ab0        0x6 ./Core/Src/stm32f4xx_it.o
                0x0000000008002ab0                MemManage_Handler
 .text.BusFault_Handler
                0x0000000008002ab6        0x6 ./Core/Src/stm32f4xx_it.o
                0x0000000008002ab6                BusFault_Handler
 .text.UsageFault_Handler
                0x0000000008002abc        0x6 ./Core/Src/stm32f4xx_it.o
                0x0000000008002abc                UsageFault_Handler
 .text.DebugMon_Handler
                0x0000000008002ac2        0xe ./Core/Src/stm32f4xx_it.o
                0x0000000008002ac2                DebugMon_Handler
 .text.SysTick_Handler
                0x0000000008002ad0       0x1a ./Core/Src/stm32f4xx_it.o
                0x0000000008002ad0                SysTick_Handler
 .text.EXTI15_10_IRQHandler
                0x0000000008002aea       0x10 ./Core/Src/stm32f4xx_it.o
                0x0000000008002aea                EXTI15_10_IRQHandler
 *fill*         0x0000000008002afa        0x2 
 .text._sbrk    0x0000000008002afc       0x6c ./Core/Src/sysmem.o
                0x0000000008002afc                _sbrk
 .text.SystemInit
                0x0000000008002b68       0x24 ./Core/Src/system_stm32f4xx.o
                0x0000000008002b68                SystemInit
 .text.Reset_Handler
                0x0000000008002b8c       0x50 ./Core/Startup/startup_stm32f411retx.o
                0x0000000008002b8c                Reset_Handler
 .text.Default_Handler
                0x0000000008002bdc        0x2 ./Core/Startup/startup_stm32f411retx.o
                0x0000000008002bdc                RTC_Alarm_IRQHandler
                0x0000000008002bdc                EXTI2_IRQHandler
                0x0000000008002bdc                SPI4_IRQHandler
                0x0000000008002bdc                TIM1_CC_IRQHandler
                0x0000000008002bdc                DMA2_Stream5_IRQHandler
                0x0000000008002bdc                DMA1_Stream5_IRQHandler
                0x0000000008002bdc                PVD_IRQHandler
                0x0000000008002bdc                SDIO_IRQHandler
                0x0000000008002bdc                TAMP_STAMP_IRQHandler
                0x0000000008002bdc                EXTI3_IRQHandler
                0x0000000008002bdc                TIM1_UP_TIM10_IRQHandler
                0x0000000008002bdc                I2C3_ER_IRQHandler
                0x0000000008002bdc                EXTI0_IRQHandler
                0x0000000008002bdc                I2C2_EV_IRQHandler
                0x0000000008002bdc                DMA1_Stream2_IRQHandler
                0x0000000008002bdc                FPU_IRQHandler
                0x0000000008002bdc                DMA2_Stream2_IRQHandler
                0x0000000008002bdc                SPI1_IRQHandler
                0x0000000008002bdc                TIM1_BRK_TIM9_IRQHandler
                0x0000000008002bdc                DMA2_Stream3_IRQHandler
                0x0000000008002bdc                USART6_IRQHandler
                0x0000000008002bdc                DMA2_Stream0_IRQHandler
                0x0000000008002bdc                TIM4_IRQHandler
                0x0000000008002bdc                I2C1_EV_IRQHandler
                0x0000000008002bdc                DMA1_Stream6_IRQHandler
                0x0000000008002bdc                DMA1_Stream1_IRQHandler
                0x0000000008002bdc                TIM3_IRQHandler
                0x0000000008002bdc                RCC_IRQHandler
                0x0000000008002bdc                Default_Handler
                0x0000000008002bdc                ADC_IRQHandler
                0x0000000008002bdc                DMA1_Stream7_IRQHandler
                0x0000000008002bdc                SPI5_IRQHandler
                0x0000000008002bdc                TIM5_IRQHandler
                0x0000000008002bdc                DMA2_Stream7_IRQHandler
                0x0000000008002bdc                I2C3_EV_IRQHandler
                0x0000000008002bdc                EXTI9_5_IRQHandler
                0x0000000008002bdc                RTC_WKUP_IRQHandler
                0x0000000008002bdc                SPI2_IRQHandler
                0x0000000008002bdc                DMA1_Stream0_IRQHandler
                0x0000000008002bdc                EXTI4_IRQHandler
                0x0000000008002bdc                WWDG_IRQHandler
                0x0000000008002bdc                TIM2_IRQHandler
                0x0000000008002bdc                OTG_FS_WKUP_IRQHandler
                0x0000000008002bdc                TIM1_TRG_COM_TIM11_IRQHandler
                0x0000000008002bdc                EXTI1_IRQHandler
                0x0000000008002bdc                USART2_IRQHandler
                0x0000000008002bdc                I2C2_ER_IRQHandler
                0x0000000008002bdc                DMA2_Stream1_IRQHandler
                0x0000000008002bdc                FLASH_IRQHandler
                0x0000000008002bdc                DMA2_Stream4_IRQHandler
                0x0000000008002bdc                USART1_IRQHandler
                0x0000000008002bdc                OTG_FS_IRQHandler
                0x0000000008002bdc                SPI3_IRQHandler
                0x0000000008002bdc                DMA1_Stream4_IRQHandler
                0x0000000008002bdc                I2C1_ER_IRQHandler
                0x0000000008002bdc                DMA2_Stream6_IRQHandler
                0x0000000008002bdc                DMA1_Stream3_IRQHandler
 *fill*         0x0000000008002bde        0x2 
 .text.HAL_Init
                0x0000000008002be0       0x44 ./Drivers/STM32F4xx_HAL_Driver/Src/stm32f4xx_hal.o
                0x0000000008002be0                HAL_Init
 .text.HAL_InitTick
                0x0000000008002c24       0x60 ./Drivers/STM32F4xx_HAL_Driver/Src/stm32f4xx_hal.o
                0x0000000008002c24                HAL_InitTick
 .text.HAL_IncTick
                0x0000000008002c84       0x28 ./Drivers/STM32F4xx_HAL_Driver/Src/stm32f4xx_hal.o
                0x0000000008002c84                HAL_IncTick
 .text.HAL_GetTick
                0x0000000008002cac       0x18 ./Drivers/STM32F4xx_HAL_Driver/Src/stm32f4xx_hal.o
                0x0000000008002cac                HAL_GetTick
 .text.HAL_Delay
                0x0000000008002cc4       0x48 ./Drivers/STM32F4xx_HAL_Driver/Src/stm32f4xx_hal.o
                0x0000000008002cc4                HAL_Delay
 .text.__NVIC_SetPriorityGrouping
                0x0000000008002d0c       0x48 ./Drivers/STM32F4xx_HAL_Driver/Src/stm32f4xx_hal_cortex.o
 .text.__NVIC_GetPriorityGrouping
                0x0000000008002d54       0x1c ./Drivers/STM32F4xx_HAL_Driver/Src/stm32f4xx_hal_cortex.o
 .text.__NVIC_EnableIRQ
                0x0000000008002d70       0x3c ./Drivers/STM32F4xx_HAL_Driver/Src/stm32f4xx_hal_cortex.o
 .text.__NVIC_SetPriority
                0x0000000008002dac       0x54 ./Drivers/STM32F4xx_HAL_Driver/Src/stm32f4xx_hal_cortex.o
 .text.NVIC_EncodePriority
                0x0000000008002e00       0x66 ./Drivers/STM32F4xx_HAL_Driver/Src/stm32f4xx_hal_cortex.o
 *fill*         0x0000000008002e66        0x2 
 .text.SysTick_Config
                0x0000000008002e68       0x44 ./Drivers/STM32F4xx_HAL_Driver/Src/stm32f4xx_hal_cortex.o
 .text.HAL_NVIC_SetPriorityGrouping
                0x0000000008002eac       0x16 ./Drivers/STM32F4xx_HAL_Driver/Src/stm32f4xx_hal_cortex.o
                0x0000000008002eac                HAL_NVIC_SetPriorityGrouping
 .text.HAL_NVIC_SetPriority
                0x0000000008002ec2       0x38 ./Drivers/STM32F4xx_HAL_Driver/Src/stm32f4xx_hal_cortex.o
                0x0000000008002ec2                HAL_NVIC_SetPriority
 .text.HAL_NVIC_EnableIRQ
                0x0000000008002efa       0x1c ./Drivers/STM32F4xx_HAL_Driver/Src/stm32f4xx_hal_cortex.o
                0x0000000008002efa                HAL_NVIC_EnableIRQ
 .text.HAL_SYSTICK_Config
                0x0000000008002f16       0x18 ./Drivers/STM32F4xx_HAL_Driver/Src/stm32f4xx_hal_cortex.o
                0x0000000008002f16                HAL_SYSTICK_Config
 .text.HAL_CRC_Init
                0x0000000008002f2e       0x38 ./Drivers/STM32F4xx_HAL_Driver/Src/stm32f4xx_hal_crc.o
                0x0000000008002f2e                HAL_CRC_Init
 *fill*         0x0000000008002f66        0x2 
 .text.HAL_GPIO_Init
                0x0000000008002f68      0x308 ./Drivers/STM32F4xx_HAL_Driver/Src/stm32f4xx_hal_gpio.o
                0x0000000008002f68                HAL_GPIO_Init
 .text.HAL_GPIO_WritePin
                0x0000000008003270       0x32 ./Drivers/STM32F4xx_HAL_Driver/Src/stm32f4xx_hal_gpio.o
                0x0000000008003270                HAL_GPIO_WritePin
 *fill*         0x00000000080032a2        0x2 
 .text.HAL_GPIO_EXTI_IRQHandler
                0x00000000080032a4       0x30 ./Drivers/STM32F4xx_HAL_Driver/Src/stm32f4xx_hal_gpio.o
                0x00000000080032a4                HAL_GPIO_EXTI_IRQHandler
 .text.HAL_GPIO_EXTI_Callback
                0x00000000080032d4       0x16 ./Drivers/STM32F4xx_HAL_Driver/Src/stm32f4xx_hal_gpio.o
                0x00000000080032d4                HAL_GPIO_EXTI_Callback
 *fill*         0x00000000080032ea        0x2 
 .text.HAL_I2C_Init
                0x00000000080032ec      0x288 ./Drivers/STM32F4xx_HAL_Driver/Src/stm32f4xx_hal_i2c.o
                0x00000000080032ec                HAL_I2C_Init
 .text.HAL_I2C_Master_Transmit
                0x0000000008003574      0x1fc ./Drivers/STM32F4xx_HAL_Driver/Src/stm32f4xx_hal_i2c.o
                0x0000000008003574                HAL_I2C_Master_Transmit
 .text.HAL_I2C_Mem_Write
                0x0000000008003770      0x1f4 ./Drivers/STM32F4xx_HAL_Driver/Src/stm32f4xx_hal_i2c.o
                0x0000000008003770                HAL_I2C_Mem_Write
 .text.HAL_I2C_Mem_Read
                0x0000000008003964      0x44c ./Drivers/STM32F4xx_HAL_Driver/Src/stm32f4xx_hal_i2c.o
                0x0000000008003964                HAL_I2C_Mem_Read
 .text.HAL_I2C_IsDeviceReady
                0x0000000008003db0      0x25c ./Drivers/STM32F4xx_HAL_Driver/Src/stm32f4xx_hal_i2c.o
                0x0000000008003db0                HAL_I2C_IsDeviceReady
 .text.I2C_MasterRequestWrite
                0x000000000800400c      0x104 ./Drivers/STM32F4xx_HAL_Driver/Src/stm32f4xx_hal_i2c.o
 .text.I2C_RequestMemoryWrite
                0x0000000008004110      0x12c ./Drivers/STM32F4xx_HAL_Driver/Src/stm32f4xx_hal_i2c.o
 .text.I2C_RequestMemoryRead
                0x000000000800423c      0x1d0 ./Drivers/STM32F4xx_HAL_Driver/Src/stm32f4xx_hal_i2c.o
 .text.I2C_WaitOnFlagUntilTimeout
                0x000000000800440c       0xae ./Drivers/STM32F4xx_HAL_Driver/Src/stm32f4xx_hal_i2c.o
 .text.I2C_WaitOnMasterAddressFlagUntilTimeout
                0x00000000080044ba       0xfe ./Drivers/STM32F4xx_HAL_Driver/Src/stm32f4xx_hal_i2c.o
 .text.I2C_WaitOnTXEFlagUntilTimeout
                0x00000000080045b8       0x82 ./Drivers/STM32F4xx_HAL_Driver/Src/stm32f4xx_hal_i2c.o
 .text.I2C_WaitOnBTFFlagUntilTimeout
                0x000000000800463a       0x82 ./Drivers/STM32F4xx_HAL_Driver/Src/stm32f4xx_hal_i2c.o
 .text.I2C_WaitOnRXNEFlagUntilTimeout
                0x00000000080046bc       0xac ./Drivers/STM32F4xx_HAL_Driver/Src/stm32f4xx_hal_i2c.o
 .text.I2C_IsAcknowledgeFailed
                0x0000000008004768       0x5e ./Drivers/STM32F4xx_HAL_Driver/Src/stm32f4xx_hal_i2c.o
 *fill*         0x00000000080047c6        0x2 
 .text.HAL_RCC_OscConfig
                0x00000000080047c8      0x4f0 ./Drivers/STM32F4xx_HAL_Driver/Src/stm32f4xx_hal_rcc.o
                0x00000000080047c8                HAL_RCC_OscConfig
 .text.HAL_RCC_ClockConfig
                0x0000000008004cb8      0x1cc ./Drivers/STM32F4xx_HAL_Driver/Src/stm32f4xx_hal_rcc.o
                0x0000000008004cb8                HAL_RCC_ClockConfig
 .text.HAL_RCC_GetSysClockFreq
                0x0000000008004e84      0x1c4 ./Drivers/STM32F4xx_HAL_Driver/Src/stm32f4xx_hal_rcc.o
                0x0000000008004e84                HAL_RCC_GetSysClockFreq
 .text.HAL_RCC_GetHCLKFreq
                0x0000000008005048       0x18 ./Drivers/STM32F4xx_HAL_Driver/Src/stm32f4xx_hal_rcc.o
                0x0000000008005048                HAL_RCC_GetHCLKFreq
 .text.HAL_RCC_GetPCLK1Freq
                0x0000000008005060       0x28 ./Drivers/STM32F4xx_HAL_Driver/Src/stm32f4xx_hal_rcc.o
                0x0000000008005060                HAL_RCC_GetPCLK1Freq
 .text.HAL_RCC_GetPCLK2Freq
                0x0000000008005088       0x28 ./Drivers/STM32F4xx_HAL_Driver/Src/stm32f4xx_hal_rcc.o
                0x0000000008005088                HAL_RCC_GetPCLK2Freq
 .text.HAL_UART_Init
                0x00000000080050b0       0x9a ./Drivers/STM32F4xx_HAL_Driver/Src/stm32f4xx_hal_uart.o
                0x00000000080050b0                HAL_UART_Init
 .text.HAL_UART_Transmit
                0x000000000800514a      0x124 ./Drivers/STM32F4xx_HAL_Driver/Src/stm32f4xx_hal_uart.o
                0x000000000800514a                HAL_UART_Transmit
 .text.UART_WaitOnFlagUntilTimeout
                0x000000000800526e       0xdc ./Drivers/STM32F4xx_HAL_Driver/Src/stm32f4xx_hal_uart.o
 *fill*         0x000000000800534a        0x2 
 .text.UART_SetConfig
                0x000000000800534c      0x390 ./Drivers/STM32F4xx_HAL_Driver/Src/stm32f4xx_hal_uart.o
 .text.__NVIC_SetPriority
                0x00000000080056dc       0x54 ./Middlewares/Third_Party/FreeRTOS/Source/CMSIS_RTOS_V2/cmsis_os2.o
 .text.SVC_Setup
                0x0000000008005730       0x12 ./Middlewares/Third_Party/FreeRTOS/Source/CMSIS_RTOS_V2/cmsis_os2.o
 *fill*         0x0000000008005742        0x2 
 .text.osKernelInitialize
                0x0000000008005744       0x48 ./Middlewares/Third_Party/FreeRTOS/Source/CMSIS_RTOS_V2/cmsis_os2.o
                0x0000000008005744                osKernelInitialize
 .text.osKernelStart
                0x000000000800578c       0x4c ./Middlewares/Third_Party/FreeRTOS/Source/CMSIS_RTOS_V2/cmsis_os2.o
                0x000000000800578c                osKernelStart
 .text.osThreadNew
                0x00000000080057d8      0x124 ./Middlewares/Third_Party/FreeRTOS/Source/CMSIS_RTOS_V2/cmsis_os2.o
                0x00000000080057d8                osThreadNew
 .text.osDelay  0x00000000080058fc       0x36 ./Middlewares/Third_Party/FreeRTOS/Source/CMSIS_RTOS_V2/cmsis_os2.o
                0x00000000080058fc                osDelay
 .text.osMutexNew
                0x0000000008005932      0x10c ./Middlewares/Third_Party/FreeRTOS/Source/CMSIS_RTOS_V2/cmsis_os2.o
                0x0000000008005932                osMutexNew
 .text.osMutexAcquire
                0x0000000008005a3e       0x96 ./Middlewares/Third_Party/FreeRTOS/Source/CMSIS_RTOS_V2/cmsis_os2.o
                0x0000000008005a3e                osMutexAcquire
 .text.osMutexRelease
                0x0000000008005ad4       0x7a ./Middlewares/Third_Party/FreeRTOS/Source/CMSIS_RTOS_V2/cmsis_os2.o
                0x0000000008005ad4                osMutexRelease
 .text.osSemaphoreNew
                0x0000000008005b4e      0x112 ./Middlewares/Third_Party/FreeRTOS/Source/CMSIS_RTOS_V2/cmsis_os2.o
                0x0000000008005b4e                osSemaphoreNew
 .text.osMessageQueueNew
                0x0000000008005c60       0xe6 ./Middlewares/Third_Party/FreeRTOS/Source/CMSIS_RTOS_V2/cmsis_os2.o
                0x0000000008005c60                osMessageQueueNew
 *fill*         0x0000000008005d46        0x2 
 .text.osMessageQueuePut
                0x0000000008005d48       0xc0 ./Middlewares/Third_Party/FreeRTOS/Source/CMSIS_RTOS_V2/cmsis_os2.o
                0x0000000008005d48                osMessageQueuePut
 .text.osMessageQueueGet
                0x0000000008005e08       0xbc ./Middlewares/Third_Party/FreeRTOS/Source/CMSIS_RTOS_V2/cmsis_os2.o
                0x0000000008005e08                osMessageQueueGet
 .text.osMessageQueueGetCount
                0x0000000008005ec4       0x40 ./Middlewares/Third_Party/FreeRTOS/Source/CMSIS_RTOS_V2/cmsis_os2.o
                0x0000000008005ec4                osMessageQueueGetCount
 .text.osMessageQueueReset
                0x0000000008005f04       0x44 ./Middlewares/Third_Party/FreeRTOS/Source/CMSIS_RTOS_V2/cmsis_os2.o
                0x0000000008005f04                osMessageQueueReset
 .text.vApplicationGetIdleTaskMemory
                0x0000000008005f48       0x34 ./Middlewares/Third_Party/FreeRTOS/Source/CMSIS_RTOS_V2/cmsis_os2.o
                0x0000000008005f48                vApplicationGetIdleTaskMemory
 .text.vApplicationGetTimerTaskMemory
                0x0000000008005f7c       0x34 ./Middlewares/Third_Party/FreeRTOS/Source/CMSIS_RTOS_V2/cmsis_os2.o
                0x0000000008005f7c                vApplicationGetTimerTaskMemory
 .text.vListInitialise
                0x0000000008005fb0       0x40 ./Middlewares/Third_Party/FreeRTOS/Source/list.o
                0x0000000008005fb0                vListInitialise
 .text.vListInitialiseItem
                0x0000000008005ff0       0x1a ./Middlewares/Third_Party/FreeRTOS/Source/list.o
                0x0000000008005ff0                vListInitialiseItem
 .text.vListInsertEnd
                0x000000000800600a       0x48 ./Middlewares/Third_Party/FreeRTOS/Source/list.o
                0x000000000800600a                vListInsertEnd
 .text.vListInsert
                0x0000000008006052       0x72 ./Middlewares/Third_Party/FreeRTOS/Source/list.o
                0x0000000008006052                vListInsert
 .text.uxListRemove
                0x00000000080060c4       0x54 ./Middlewares/Third_Party/FreeRTOS/Source/list.o
                0x00000000080060c4                uxListRemove
 .text.xQueueGenericReset
                0x0000000008006118       0xd0 ./Middlewares/Third_Party/FreeRTOS/Source/queue.o
                0x0000000008006118                xQueueGenericReset
 .text.xQueueGenericCreateStatic
                0x00000000080061e8       0xf0 ./Middlewares/Third_Party/FreeRTOS/Source/queue.o
                0x00000000080061e8                xQueueGenericCreateStatic
 .text.xQueueGenericCreate
                0x00000000080062d8       0x74 ./Middlewares/Third_Party/FreeRTOS/Source/queue.o
                0x00000000080062d8                xQueueGenericCreate
 .text.prvInitialiseNewQueue
                0x000000000800634c       0x46 ./Middlewares/Third_Party/FreeRTOS/Source/queue.o
 .text.prvInitialiseMutex
                0x0000000008006392       0x34 ./Middlewares/Third_Party/FreeRTOS/Source/queue.o
 .text.xQueueCreateMutex
                0x00000000080063c6       0x30 ./Middlewares/Third_Party/FreeRTOS/Source/queue.o
                0x00000000080063c6                xQueueCreateMutex
 .text.xQueueCreateMutexStatic
                0x00000000080063f6       0x36 ./Middlewares/Third_Party/FreeRTOS/Source/queue.o
                0x00000000080063f6                xQueueCreateMutexStatic
 .text.xQueueGiveMutexRecursive
                0x000000000800642c       0x68 ./Middlewares/Third_Party/FreeRTOS/Source/queue.o
                0x000000000800642c                xQueueGiveMutexRecursive
 .text.xQueueTakeMutexRecursive
                0x0000000008006494       0x6c ./Middlewares/Third_Party/FreeRTOS/Source/queue.o
                0x0000000008006494                xQueueTakeMutexRecursive
 .text.xQueueCreateCountingSemaphoreStatic
                0x0000000008006500       0x6e ./Middlewares/Third_Party/FreeRTOS/Source/queue.o
                0x0000000008006500                xQueueCreateCountingSemaphoreStatic
 .text.xQueueCreateCountingSemaphore
                0x000000000800656e       0x66 ./Middlewares/Third_Party/FreeRTOS/Source/queue.o
                0x000000000800656e                xQueueCreateCountingSemaphore
 .text.xQueueGenericSend
                0x00000000080065d4      0x1fc ./Middlewares/Third_Party/FreeRTOS/Source/queue.o
                0x00000000080065d4                xQueueGenericSend
 .text.xQueueGenericSendFromISR
                0x00000000080067d0      0x136 ./Middlewares/Third_Party/FreeRTOS/Source/queue.o
                0x00000000080067d0                xQueueGenericSendFromISR
 *fill*         0x0000000008006906        0x2 
 .text.xQueueReceive
                0x0000000008006908      0x1c0 ./Middlewares/Third_Party/FreeRTOS/Source/queue.o
                0x0000000008006908                xQueueReceive
 .text.xQueueSemaphoreTake
                0x0000000008006ac8      0x218 ./Middlewares/Third_Party/FreeRTOS/Source/queue.o
                0x0000000008006ac8                xQueueSemaphoreTake
 .text.xQueueReceiveFromISR
                0x0000000008006ce0      0x100 ./Middlewares/Third_Party/FreeRTOS/Source/queue.o
                0x0000000008006ce0                xQueueReceiveFromISR
 .text.uxQueueMessagesWaiting
                0x0000000008006de0       0x3c ./Middlewares/Third_Party/FreeRTOS/Source/queue.o
                0x0000000008006de0                uxQueueMessagesWaiting
 .text.uxQueueMessagesWaitingFromISR
                0x0000000008006e1c       0x3c ./Middlewares/Third_Party/FreeRTOS/Source/queue.o
                0x0000000008006e1c                uxQueueMessagesWaitingFromISR
 .text.vQueueDelete
                0x0000000008006e58       0x46 ./Middlewares/Third_Party/FreeRTOS/Source/queue.o
                0x0000000008006e58                vQueueDelete
 .text.prvGetDisinheritPriorityAfterTimeout
                0x0000000008006e9e       0x30 ./Middlewares/Third_Party/FreeRTOS/Source/queue.o
 .text.prvCopyDataToQueue
                0x0000000008006ece       0xd4 ./Middlewares/Third_Party/FreeRTOS/Source/queue.o
 .text.prvCopyDataFromQueue
                0x0000000008006fa2       0x4c ./Middlewares/Third_Party/FreeRTOS/Source/queue.o
 .text.prvUnlockQueue
                0x0000000008006fee       0xa4 ./Middlewares/Third_Party/FreeRTOS/Source/queue.o
 .text.prvIsQueueEmpty
                0x0000000008007092       0x2c ./Middlewares/Third_Party/FreeRTOS/Source/queue.o
 .text.prvIsQueueFull
                0x00000000080070be       0x30 ./Middlewares/Third_Party/FreeRTOS/Source/queue.o
 *fill*         0x00000000080070ee        0x2 
 .text.vQueueAddToRegistry
                0x00000000080070f0       0x54 ./Middlewares/Third_Party/FreeRTOS/Source/queue.o
                0x00000000080070f0                vQueueAddToRegistry
 .text.vQueueUnregisterQueue
                0x0000000008007144       0x54 ./Middlewares/Third_Party/FreeRTOS/Source/queue.o
                0x0000000008007144                vQueueUnregisterQueue
 .text.vQueueWaitForMessageRestricted
                0x0000000008007198       0x68 ./Middlewares/Third_Party/FreeRTOS/Source/queue.o
                0x0000000008007198                vQueueWaitForMessageRestricted
 .text.xTaskCreateStatic
                0x0000000008007200       0xba ./Middlewares/Third_Party/FreeRTOS/Source/tasks.o
                0x0000000008007200                xTaskCreateStatic
 .text.xTaskCreate
                0x00000000080072ba       0x8a ./Middlewares/Third_Party/FreeRTOS/Source/tasks.o
                0x00000000080072ba                xTaskCreate
 .text.prvInitialiseNewTask
                0x0000000008007344      0x11e ./Middlewares/Third_Party/FreeRTOS/Source/tasks.o
 *fill*         0x0000000008007462        0x2 
 .text.prvAddNewTaskToReadyList
                0x0000000008007464       0xe0 ./Middlewares/Third_Party/FreeRTOS/Source/tasks.o
 .text.vTaskDelay
                0x0000000008007544       0x68 ./Middlewares/Third_Party/FreeRTOS/Source/tasks.o
                0x0000000008007544                vTaskDelay
 .text.vTaskStartScheduler
                0x00000000080075ac       0xcc ./Middlewares/Third_Party/FreeRTOS/Source/tasks.o
                0x00000000080075ac                vTaskStartScheduler
 .text.vTaskSuspendAll
                0x0000000008007678       0x1c ./Middlewares/Third_Party/FreeRTOS/Source/tasks.o
                0x0000000008007678                vTaskSuspendAll
 .text.xTaskResumeAll
                0x0000000008007694      0x13c ./Middlewares/Third_Party/FreeRTOS/Source/tasks.o
                0x0000000008007694                xTaskResumeAll
 .text.xTaskGetTickCount
                0x00000000080077d0       0x20 ./Middlewares/Third_Party/FreeRTOS/Source/tasks.o
                0x00000000080077d0                xTaskGetTickCount
 .text.xTaskIncrementTick
                0x00000000080077f0      0x174 ./Middlewares/Third_Party/FreeRTOS/Source/tasks.o
                0x00000000080077f0                xTaskIncrementTick
 .text.vTaskSwitchContext
                0x0000000008007964       0xbc ./Middlewares/Third_Party/FreeRTOS/Source/tasks.o
                0x0000000008007964                vTaskSwitchContext
 .text.vTaskPlaceOnEventList
                0x0000000008007a20       0x48 ./Middlewares/Third_Party/FreeRTOS/Source/tasks.o
                0x0000000008007a20                vTaskPlaceOnEventList
 .text.vTaskPlaceOnEventListRestricted
                0x0000000008007a68       0x58 ./Middlewares/Third_Party/FreeRTOS/Source/tasks.o
                0x0000000008007a68                vTaskPlaceOnEventListRestricted
 .text.xTaskRemoveFromEventList
                0x0000000008007ac0       0xc8 ./Middlewares/Third_Party/FreeRTOS/Source/tasks.o
                0x0000000008007ac0                xTaskRemoveFromEventList
 .text.vTaskInternalSetTimeOutState
                0x0000000008007b88       0x2c ./Middlewares/Third_Party/FreeRTOS/Source/tasks.o
                0x0000000008007b88                vTaskInternalSetTimeOutState
 .text.xTaskCheckForTimeOut
                0x0000000008007bb4       0xc4 ./Middlewares/Third_Party/FreeRTOS/Source/tasks.o
                0x0000000008007bb4                xTaskCheckForTimeOut
 .text.vTaskMissedYield
                0x0000000008007c78       0x18 ./Middlewares/Third_Party/FreeRTOS/Source/tasks.o
                0x0000000008007c78                vTaskMissedYield
 .text.prvIdleTask
                0x0000000008007c90       0x30 ./Middlewares/Third_Party/FreeRTOS/Source/tasks.o
 .text.prvInitialiseTaskLists
                0x0000000008007cc0       0x80 ./Middlewares/Third_Party/FreeRTOS/Source/tasks.o
 .text.prvCheckTasksWaitingTermination
                0x0000000008007d40       0x5c ./Middlewares/Third_Party/FreeRTOS/Source/tasks.o
 .text.prvDeleteTCB
                0x0000000008007d9c       0x5e ./Middlewares/Third_Party/FreeRTOS/Source/tasks.o
 *fill*         0x0000000008007dfa        0x2 
 .text.prvResetNextTaskUnblockTime
                0x0000000008007dfc       0x40 ./Middlewares/Third_Party/FreeRTOS/Source/tasks.o
 .text.xTaskGetCurrentTaskHandle
                0x0000000008007e3c       0x20 ./Middlewares/Third_Party/FreeRTOS/Source/tasks.o
                0x0000000008007e3c                xTaskGetCurrentTaskHandle
 .text.xTaskGetSchedulerState
                0x0000000008007e5c       0x3c ./Middlewares/Third_Party/FreeRTOS/Source/tasks.o
                0x0000000008007e5c                xTaskGetSchedulerState
 .text.xTaskPriorityInherit
                0x0000000008007e98       0xd0 ./Middlewares/Third_Party/FreeRTOS/Source/tasks.o
                0x0000000008007e98                xTaskPriorityInherit
 .text.xTaskPriorityDisinherit
                0x0000000008007f68       0xdc ./Middlewares/Third_Party/FreeRTOS/Source/tasks.o
                0x0000000008007f68                xTaskPriorityDisinherit
 .text.vTaskPriorityDisinheritAfterTimeout
                0x0000000008008044      0x104 ./Middlewares/Third_Party/FreeRTOS/Source/tasks.o
                0x0000000008008044                vTaskPriorityDisinheritAfterTimeout
 .text.pvTaskIncrementMutexHeldCount
                0x0000000008008148       0x28 ./Middlewares/Third_Party/FreeRTOS/Source/tasks.o
                0x0000000008008148                pvTaskIncrementMutexHeldCount
 .text.prvAddCurrentTaskToDelayedList
                0x0000000008008170       0xa8 ./Middlewares/Third_Party/FreeRTOS/Source/tasks.o
 .text.xTimerCreateTimerTask
                0x0000000008008218       0x90 ./Middlewares/Third_Party/FreeRTOS/Source/timers.o
                0x0000000008008218                xTimerCreateTimerTask
 .text.xTimerGenericCommand
                0x00000000080082a8       0x9c ./Middlewares/Third_Party/FreeRTOS/Source/timers.o
                0x00000000080082a8                xTimerGenericCommand
 .text.prvProcessExpiredTimer
                0x0000000008008344       0x98 ./Middlewares/Third_Party/FreeRTOS/Source/timers.o
 .text.prvTimerTask
                0x00000000080083dc       0x24 ./Middlewares/Third_Party/FreeRTOS/Source/timers.o
 .text.prvProcessTimerOrBlockTask
                0x0000000008008400       0x9c ./Middlewares/Third_Party/FreeRTOS/Source/timers.o
 .text.prvGetNextExpireTime
                0x000000000800849c       0x48 ./Middlewares/Third_Party/FreeRTOS/Source/timers.o
 .text.prvSampleTimeNow
                0x00000000080084e4       0x40 ./Middlewares/Third_Party/FreeRTOS/Source/timers.o
 .text.prvInsertTimerInActiveList
                0x0000000008008524       0x84 ./Middlewares/Third_Party/FreeRTOS/Source/timers.o
 .text.prvProcessReceivedCommands
                0x00000000080085a8      0x1c4 ./Middlewares/Third_Party/FreeRTOS/Source/timers.o
 .text.prvSwitchTimerLists
                0x000000000800876c       0xc8 ./Middlewares/Third_Party/FreeRTOS/Source/timers.o
 .text.prvCheckForValidListAndQueue
                0x0000000008008834       0x80 ./Middlewares/Third_Party/FreeRTOS/Source/timers.o
 .text.pxPortInitialiseStack
                0x00000000080088b4       0x68 ./Middlewares/Third_Party/FreeRTOS/Source/portable/GCC/ARM_CM4F/port.o
                0x00000000080088b4                pxPortInitialiseStack
 .text.prvTaskExitError
                0x000000000800891c       0x58 ./Middlewares/Third_Party/FreeRTOS/Source/portable/GCC/ARM_CM4F/port.o
 *fill*         0x0000000008008974        0xc 
 .text.SVC_Handler
                0x0000000008008980       0x28 ./Middlewares/Third_Party/FreeRTOS/Source/portable/GCC/ARM_CM4F/port.o
                0x0000000008008980                SVC_Handler
 .text.prvPortStartFirstTask
                0x00000000080089a8       0x28 ./Middlewares/Third_Party/FreeRTOS/Source/portable/GCC/ARM_CM4F/port.o
 .text.xPortStartScheduler
                0x00000000080089d0      0x144 ./Middlewares/Third_Party/FreeRTOS/Source/portable/GCC/ARM_CM4F/port.o
                0x00000000080089d0                xPortStartScheduler
 .text.vPortEnterCritical
                0x0000000008008b14       0x60 ./Middlewares/Third_Party/FreeRTOS/Source/portable/GCC/ARM_CM4F/port.o
                0x0000000008008b14                vPortEnterCritical
 .text.vPortExitCritical
                0x0000000008008b74       0x54 ./Middlewares/Third_Party/FreeRTOS/Source/portable/GCC/ARM_CM4F/port.o
                0x0000000008008b74                vPortExitCritical
 *fill*         0x0000000008008bc8        0x8 
 .text.PendSV_Handler
                0x0000000008008bd0       0x68 ./Middlewares/Third_Party/FreeRTOS/Source/portable/GCC/ARM_CM4F/port.o
                0x0000000008008bd0                PendSV_Handler
 .text.xPortSysTickHandler
                0x0000000008008c38       0x44 ./Middlewares/Third_Party/FreeRTOS/Source/portable/GCC/ARM_CM4F/port.o
                0x0000000008008c38                xPortSysTickHandler
 .text.vPortSetupTimerInterrupt
                0x0000000008008c7c       0x48 ./Middlewares/Third_Party/FreeRTOS/Source/portable/GCC/ARM_CM4F/port.o
                0x0000000008008c7c                vPortSetupTimerInterrupt
 .text.vPortEnableVFP
                0x0000000008008cc4       0x14 ./Middlewares/Third_Party/FreeRTOS/Source/portable/GCC/ARM_CM4F/port.o
 .text.vPortValidateInterruptPriority
                0x0000000008008cd8       0x80 ./Middlewares/Third_Party/FreeRTOS/Source/portable/GCC/ARM_CM4F/port.o
                0x0000000008008cd8                vPortValidateInterruptPriority
 .text.pvPortMalloc
                0x0000000008008d58      0x198 ./Middlewares/Third_Party/FreeRTOS/Source/portable/MemMang/heap_4.o
                0x0000000008008d58                pvPortMalloc
 .text.vPortFree
                0x0000000008008ef0       0xc4 ./Middlewares/Third_Party/FreeRTOS/Source/portable/MemMang/heap_4.o
                0x0000000008008ef0                vPortFree
 .text.prvHeapInit
                0x0000000008008fb4       0xc4 ./Middlewares/Third_Party/FreeRTOS/Source/portable/MemMang/heap_4.o
 .text.prvInsertBlockIntoFreeList
                0x0000000008009078       0xb4 ./Middlewares/Third_Party/FreeRTOS/Source/portable/MemMang/heap_4.o
 .text.har_configure_activations
                0x000000000800912c      0x110 ./X-CUBE-AI/App/har.o
 .text.har_configure_weights
                0x000000000800923c      0x254 ./X-CUBE-AI/App/har.o
 .text.ai_har_create
                0x0000000008009490       0x2c ./X-CUBE-AI/App/har.o
                0x0000000008009490                ai_har_create
 .text.ai_har_init
                0x00000000080094bc       0x78 ./X-CUBE-AI/App/har.o
                0x00000000080094bc                ai_har_init
 .text.ai_har_run
                0x0000000008009534       0x20 ./X-CUBE-AI/App/har.o
                0x0000000008009534                ai_har_run
 .text.ai_har_data_weights_get
                0x0000000008009554       0x14 ./X-CUBE-AI/App/har_data.o
                0x0000000008009554                ai_har_data_weights_get
 .text._ai_platform_acquire_crc
                0x0000000008009568        0x4 ../Middlewares/ST/AI/Lib\NetworkRuntime700_CM4_GCC.a(ai_platform_interface.o)
                0x0000000008009568                _ai_platform_acquire_crc
 .text._ai_platform_release_crc
                0x000000000800956c        0x4 ../Middlewares/ST/AI/Lib\NetworkRuntime700_CM4_GCC.a(ai_platform_interface.o)
                0x000000000800956c                _ai_platform_release_crc
 .text.ai_platform_get_weights_map
                0x0000000008009570       0x68 ../Middlewares/ST/AI/Lib\NetworkRuntime700_CM4_GCC.a(ai_platform_interface.o)
                0x0000000008009570                ai_platform_get_weights_map
 .text.ai_platform_get_activations_map
                0x00000000080095d8       0x68 ../Middlewares/ST/AI/Lib\NetworkRuntime700_CM4_GCC.a(ai_platform_interface.o)
                0x00000000080095d8                ai_platform_get_activations_map
 .text.ai_platform_network_create
                0x0000000008009640      0x1ac ../Middlewares/ST/AI/Lib\NetworkRuntime700_CM4_GCC.a(ai_platform_interface.o)
                0x0000000008009640                ai_platform_network_create
 .text.ai_platform_network_init
                0x00000000080097ec      0x224 ../Middlewares/ST/AI/Lib\NetworkRuntime700_CM4_GCC.a(ai_platform_interface.o)
                0x00000000080097ec                ai_platform_network_init
 .text.ai_platform_network_post_init
                0x0000000008009a10      0x128 ../Middlewares/ST/AI/Lib\NetworkRuntime700_CM4_GCC.a(ai_platform_interface.o)
                0x0000000008009a10                ai_platform_network_post_init
 .text.ai_platform_network_process
                0x0000000008009b38      0x4fc ../Middlewares/ST/AI/Lib\NetworkRuntime700_CM4_GCC.a(ai_platform_interface.o)
                0x0000000008009b38                ai_platform_network_process
 .text.core_init
                0x000000000800a034        0x4 ../Middlewares/ST/AI/Lib\NetworkRuntime700_CM4_GCC.a(core_common.o)
                0x000000000800a034                core_init
 .text.core_set_error
                0x000000000800a038       0x18 ../Middlewares/ST/AI/Lib\NetworkRuntime700_CM4_GCC.a(core_common.o)
                0x000000000800a038                core_set_error
 .text.ai_dict8_dot_array_f32
                0x000000000800a050      0x19c ../Middlewares/ST/AI/Lib\NetworkRuntime700_CM4_GCC.a(layers_conv2d_generic_float.o)
                0x000000000800a050                ai_dict8_dot_array_f32
 .text.ai_dict4_dot_array_f32
                0x000000000800a1ec      0x17c ../Middlewares/ST/AI/Lib\NetworkRuntime700_CM4_GCC.a(layers_conv2d_generic_float.o)
                0x000000000800a1ec                ai_dict4_dot_array_f32
 .text.forward_dense
                0x000000000800a368      0x470 ../Middlewares/ST/AI/Lib\NetworkRuntime700_CM4_GCC.a(layers_conv2d_generic_float.o)
                0x000000000800a368                forward_dense
 .text.array_f32_identity
                0x000000000800a7d8       0x14 ../Middlewares/ST/AI/Lib\NetworkRuntime700_CM4_GCC.a(layers_rnn_generic_float.o)
 .text.forward_lstm
                0x000000000800a7ec      0xaf4 ../Middlewares/ST/AI/Lib\NetworkRuntime700_CM4_GCC.a(layers_rnn_generic_float.o)
                0x000000000800a7ec                forward_lstm
 .text.nl_func_sigmoid_array_f32
                0x000000000800b2e0       0x50 ../Middlewares/ST/AI/Lib\NetworkRuntime700_CM4_GCC.a(layers_nl_generic_float.o)
                0x000000000800b2e0                nl_func_sigmoid_array_f32
 .text.nl_func_tanh_array_f32
                0x000000000800b330       0x38 ../Middlewares/ST/AI/Lib\NetworkRuntime700_CM4_GCC.a(layers_nl_generic_float.o)
                0x000000000800b330                nl_func_tanh_array_f32
 .text.nl_func_sm_array_f32
                0x000000000800b368      0x100 ../Middlewares/ST/AI/Lib\NetworkRuntime700_CM4_GCC.a(layers_nl_generic_float.o)
                0x000000000800b368                nl_func_sm_array_f32
 .text.nl_func_relu_generic_array_f32
                0x000000000800b468       0xfc ../Middlewares/ST/AI/Lib\NetworkRuntime700_CM4_GCC.a(layers_nl_generic_float.o)
                0x000000000800b468                nl_func_relu_generic_array_f32
 .text.forward_relu
                0x000000000800b564      0x124 ../Middlewares/ST/AI/Lib\NetworkRuntime700_CM4_GCC.a(layers_nl_generic_float.o)
                0x000000000800b564                forward_relu
 .text.forward_sm
                0x000000000800b688       0x64 ../Middlewares/ST/AI/Lib\NetworkRuntime700_CM4_GCC.a(layers_nl_generic_float.o)
                0x000000000800b688                forward_sm
 .text.forward_ap
                0x000000000800b6ec      0x238 ../Middlewares/ST/AI/Lib\NetworkRuntime700_CM4_GCC.a(layers_pool_generic_float.o)
                0x000000000800b6ec                forward_ap
 .text.ai_check_custom_types
                0x000000000800b924       0x54 ../Middlewares/ST/AI/Lib\NetworkRuntime700_CM4_GCC.a(layers.o)
                0x000000000800b924                ai_check_custom_types
 .text.ai_layers_init_all
                0x000000000800b978       0x28 ../Middlewares/ST/AI/Lib\NetworkRuntime700_CM4_GCC.a(layers.o)
                0x000000000800b978                ai_layers_init_all
 .text.ai_layers_post_init_all
                0x000000000800b9a0       0x30 ../Middlewares/ST/AI/Lib\NetworkRuntime700_CM4_GCC.a(layers.o)
                0x000000000800b9a0                ai_layers_post_init_all
 .text.ai_layers_forward_all
                0x000000000800b9d0       0x9c ../Middlewares/ST/AI/Lib\NetworkRuntime700_CM4_GCC.a(layers.o)
                0x000000000800b9d0                ai_layers_forward_all
 .text.ai_array_to_buffer_fmt
                0x000000000800ba6c       0xb0 ../Middlewares/ST/AI/Lib\NetworkRuntime700_CM4_GCC.a(ai_datatypes_format.o)
                0x000000000800ba6c                ai_array_to_buffer_fmt
 .text.ai_array_get_byte_size
                0x000000000800bb1c       0x44 ../Middlewares/ST/AI/Lib\NetworkRuntime700_CM4_GCC.a(ai_datatypes_format.o)
                0x000000000800bb1c                ai_array_get_byte_size
 .text.__errno  0x000000000800bb60        0xc c:/st/stm32cubeide_1.7.0/stm32cubeide/plugins/com.st.stm32cube.ide.mcu.externaltools.gnu-tools-for-stm32.9-2020-q2-update.win32_2.0.0.202105311346/tools/bin/../lib/gcc/arm-none-eabi/9.3.1/../../../../arm-none-eabi/lib/thumb/v7e-m+fp/hard\libc_nano.a(lib_a-errno.o)
                0x000000000800bb60                __errno
 .text.__libc_init_array
                0x000000000800bb6c       0x48 c:/st/stm32cubeide_1.7.0/stm32cubeide/plugins/com.st.stm32cube.ide.mcu.externaltools.gnu-tools-for-stm32.9-2020-q2-update.win32_2.0.0.202105311346/tools/bin/../lib/gcc/arm-none-eabi/9.3.1/../../../../arm-none-eabi/lib/thumb/v7e-m+fp/hard\libc_nano.a(lib_a-init.o)
                0x000000000800bb6c                __libc_init_array
 .text.malloc   0x000000000800bbb4       0x10 c:/st/stm32cubeide_1.7.0/stm32cubeide/plugins/com.st.stm32cube.ide.mcu.externaltools.gnu-tools-for-stm32.9-2020-q2-update.win32_2.0.0.202105311346/tools/bin/../lib/gcc/arm-none-eabi/9.3.1/../../../../arm-none-eabi/lib/thumb/v7e-m+fp/hard\libc_nano.a(lib_a-malloc.o)
                0x000000000800bbb4                malloc
 .text.free     0x000000000800bbc4       0x10 c:/st/stm32cubeide_1.7.0/stm32cubeide/plugins/com.st.stm32cube.ide.mcu.externaltools.gnu-tools-for-stm32.9-2020-q2-update.win32_2.0.0.202105311346/tools/bin/../lib/gcc/arm-none-eabi/9.3.1/../../../../arm-none-eabi/lib/thumb/v7e-m+fp/hard\libc_nano.a(lib_a-malloc.o)
                0x000000000800bbc4                free
 .text.memcpy   0x000000000800bbd4       0x1c c:/st/stm32cubeide_1.7.0/stm32cubeide/plugins/com.st.stm32cube.ide.mcu.externaltools.gnu-tools-for-stm32.9-2020-q2-update.win32_2.0.0.202105311346/tools/bin/../lib/gcc/arm-none-eabi/9.3.1/../../../../arm-none-eabi/lib/thumb/v7e-m+fp/hard\libc_nano.a(lib_a-memcpy-stub.o)
                0x000000000800bbd4                memcpy
 .text.memmove  0x000000000800bbf0       0x34 c:/st/stm32cubeide_1.7.0/stm32cubeide/plugins/com.st.stm32cube.ide.mcu.externaltools.gnu-tools-for-stm32.9-2020-q2-update.win32_2.0.0.202105311346/tools/bin/../lib/gcc/arm-none-eabi/9.3.1/../../../../arm-none-eabi/lib/thumb/v7e-m+fp/hard\libc_nano.a(lib_a-memmove.o)
                0x000000000800bbf0                memmove
 .text.memset   0x000000000800bc24       0x10 c:/st/stm32cubeide_1.7.0/stm32cubeide/plugins/com.st.stm32cube.ide.mcu.externaltools.gnu-tools-for-stm32.9-2020-q2-update.win32_2.0.0.202105311346/tools/bin/../lib/gcc/arm-none-eabi/9.3.1/../../../../arm-none-eabi/lib/thumb/v7e-m+fp/hard\libc_nano.a(lib_a-memset.o)
                0x000000000800bc24                memset
 .text._free_r  0x000000000800bc34       0xa0 c:/st/stm32cubeide_1.7.0/stm32cubeide/plugins/com.st.stm32cube.ide.mcu.externaltools.gnu-tools-for-stm32.9-2020-q2-update.win32_2.0.0.202105311346/tools/bin/../lib/gcc/arm-none-eabi/9.3.1/../../../../arm-none-eabi/lib/thumb/v7e-m+fp/hard\libc_nano.a(lib_a-nano-freer.o)
                0x000000000800bc34                _free_r
 .text._malloc_r
                0x000000000800bcd4       0xb4 c:/st/stm32cubeide_1.7.0/stm32cubeide/plugins/com.st.stm32cube.ide.mcu.externaltools.gnu-tools-for-stm32.9-2020-q2-update.win32_2.0.0.202105311346/tools/bin/../lib/gcc/arm-none-eabi/9.3.1/../../../../arm-none-eabi/lib/thumb/v7e-m+fp/hard\libc_nano.a(lib_a-nano-mallocr.o)
                0x000000000800bcd4                _malloc_r
 .text.__cvt    0x000000000800bd88       0xc4 c:/st/stm32cubeide_1.7.0/stm32cubeide/plugins/com.st.stm32cube.ide.mcu.externaltools.gnu-tools-for-stm32.9-2020-q2-update.win32_2.0.0.202105311346/tools/bin/../lib/gcc/arm-none-eabi/9.3.1/../../../../arm-none-eabi/lib/thumb/v7e-m+fp/hard\libc_nano.a(lib_a-nano-vfprintf_float.o)
                0x000000000800bd88                __cvt
 .text.__exponent
                0x000000000800be4c       0x7c c:/st/stm32cubeide_1.7.0/stm32cubeide/plugins/com.st.stm32cube.ide.mcu.externaltools.gnu-tools-for-stm32.9-2020-q2-update.win32_2.0.0.202105311346/tools/bin/../lib/gcc/arm-none-eabi/9.3.1/../../../../arm-none-eabi/lib/thumb/v7e-m+fp/hard\libc_nano.a(lib_a-nano-vfprintf_float.o)
                0x000000000800be4c                __exponent
 .text._printf_float
                0x000000000800bec8      0x46c c:/st/stm32cubeide_1.7.0/stm32cubeide/plugins/com.st.stm32cube.ide.mcu.externaltools.gnu-tools-for-stm32.9-2020-q2-update.win32_2.0.0.202105311346/tools/bin/../lib/gcc/arm-none-eabi/9.3.1/../../../../arm-none-eabi/lib/thumb/v7e-m+fp/hard\libc_nano.a(lib_a-nano-vfprintf_float.o)
                0x000000000800bec8                _printf_float
 .text._printf_common
                0x000000000800c334       0xda c:/st/stm32cubeide_1.7.0/stm32cubeide/plugins/com.st.stm32cube.ide.mcu.externaltools.gnu-tools-for-stm32.9-2020-q2-update.win32_2.0.0.202105311346/tools/bin/../lib/gcc/arm-none-eabi/9.3.1/../../../../arm-none-eabi/lib/thumb/v7e-m+fp/hard\libc_nano.a(lib_a-nano-vfprintf_i.o)
                0x000000000800c334                _printf_common
 *fill*         0x000000000800c40e        0x2 
 .text._printf_i
                0x000000000800c410      0x24c c:/st/stm32cubeide_1.7.0/stm32cubeide/plugins/com.st.stm32cube.ide.mcu.externaltools.gnu-tools-for-stm32.9-2020-q2-update.win32_2.0.0.202105311346/tools/bin/../lib/gcc/arm-none-eabi/9.3.1/../../../../arm-none-eabi/lib/thumb/v7e-m+fp/hard\libc_nano.a(lib_a-nano-vfprintf_i.o)
                0x000000000800c410                _printf_i
 .text._sbrk_r  0x000000000800c65c       0x20 c:/st/stm32cubeide_1.7.0/stm32cubeide/plugins/com.st.stm32cube.ide.mcu.externaltools.gnu-tools-for-stm32.9-2020-q2-update.win32_2.0.0.202105311346/tools/bin/../lib/gcc/arm-none-eabi/9.3.1/../../../../arm-none-eabi/lib/thumb/v7e-m+fp/hard\libc_nano.a(lib_a-sbrkr.o)
                0x000000000800c65c                _sbrk_r
 .text.sprintf  0x000000000800c67c       0x40 c:/st/stm32cubeide_1.7.0/stm32cubeide/plugins/com.st.stm32cube.ide.mcu.externaltools.gnu-tools-for-stm32.9-2020-q2-update.win32_2.0.0.202105311346/tools/bin/../lib/gcc/arm-none-eabi/9.3.1/../../../../arm-none-eabi/lib/thumb/v7e-m+fp/hard\libc_nano.a(lib_a-sprintf.o)
                0x000000000800c67c                siprintf
                0x000000000800c67c                sprintf
 .text.quorem   0x000000000800c6bc      0x116 c:/st/stm32cubeide_1.7.0/stm32cubeide/plugins/com.st.stm32cube.ide.mcu.externaltools.gnu-tools-for-stm32.9-2020-q2-update.win32_2.0.0.202105311346/tools/bin/../lib/gcc/arm-none-eabi/9.3.1/../../../../arm-none-eabi/lib/thumb/v7e-m+fp/hard\libc_nano.a(lib_a-dtoa.o)
 *fill*         0x000000000800c7d2        0x6 
 .text._dtoa_r  0x000000000800c7d8      0xbd8 c:/st/stm32cubeide_1.7.0/stm32cubeide/plugins/com.st.stm32cube.ide.mcu.externaltools.gnu-tools-for-stm32.9-2020-q2-update.win32_2.0.0.202105311346/tools/bin/../lib/gcc/arm-none-eabi/9.3.1/../../../../arm-none-eabi/lib/thumb/v7e-m+fp/hard\libc_nano.a(lib_a-dtoa.o)
                0x000000000800c7d8                _dtoa_r
 .text._localeconv_r
                0x000000000800d3b0        0x8 c:/st/stm32cubeide_1.7.0/stm32cubeide/plugins/com.st.stm32cube.ide.mcu.externaltools.gnu-tools-for-stm32.9-2020-q2-update.win32_2.0.0.202105311346/tools/bin/../lib/gcc/arm-none-eabi/9.3.1/../../../../arm-none-eabi/lib/thumb/v7e-m+fp/hard\libc_nano.a(lib_a-localeconv.o)
                0x000000000800d3b0                _localeconv_r
 .text.__malloc_lock
                0x000000000800d3b8        0xc c:/st/stm32cubeide_1.7.0/stm32cubeide/plugins/com.st.stm32cube.ide.mcu.externaltools.gnu-tools-for-stm32.9-2020-q2-update.win32_2.0.0.202105311346/tools/bin/../lib/gcc/arm-none-eabi/9.3.1/../../../../arm-none-eabi/lib/thumb/v7e-m+fp/hard\libc_nano.a(lib_a-mlock.o)
                0x000000000800d3b8                __malloc_lock
 .text.__malloc_unlock
                0x000000000800d3c4        0xc c:/st/stm32cubeide_1.7.0/stm32cubeide/plugins/com.st.stm32cube.ide.mcu.externaltools.gnu-tools-for-stm32.9-2020-q2-update.win32_2.0.0.202105311346/tools/bin/../lib/gcc/arm-none-eabi/9.3.1/../../../../arm-none-eabi/lib/thumb/v7e-m+fp/hard\libc_nano.a(lib_a-mlock.o)
                0x000000000800d3c4                __malloc_unlock
 .text._Balloc  0x000000000800d3d0       0x80 c:/st/stm32cubeide_1.7.0/stm32cubeide/plugins/com.st.stm32cube.ide.mcu.externaltools.gnu-tools-for-stm32.9-2020-q2-update.win32_2.0.0.202105311346/tools/bin/../lib/gcc/arm-none-eabi/9.3.1/../../../../arm-none-eabi/lib/thumb/v7e-m+fp/hard\libc_nano.a(lib_a-mprec.o)
                0x000000000800d3d0                _Balloc
 .text._Bfree   0x000000000800d450       0x44 c:/st/stm32cubeide_1.7.0/stm32cubeide/plugins/com.st.stm32cube.ide.mcu.externaltools.gnu-tools-for-stm32.9-2020-q2-update.win32_2.0.0.202105311346/tools/bin/../lib/gcc/arm-none-eabi/9.3.1/../../../../arm-none-eabi/lib/thumb/v7e-m+fp/hard\libc_nano.a(lib_a-mprec.o)
                0x000000000800d450                _Bfree
 .text.__multadd
                0x000000000800d494       0x94 c:/st/stm32cubeide_1.7.0/stm32cubeide/plugins/com.st.stm32cube.ide.mcu.externaltools.gnu-tools-for-stm32.9-2020-q2-update.win32_2.0.0.202105311346/tools/bin/../lib/gcc/arm-none-eabi/9.3.1/../../../../arm-none-eabi/lib/thumb/v7e-m+fp/hard\libc_nano.a(lib_a-mprec.o)
                0x000000000800d494                __multadd
 .text.__hi0bits
                0x000000000800d528       0x40 c:/st/stm32cubeide_1.7.0/stm32cubeide/plugins/com.st.stm32cube.ide.mcu.externaltools.gnu-tools-for-stm32.9-2020-q2-update.win32_2.0.0.202105311346/tools/bin/../lib/gcc/arm-none-eabi/9.3.1/../../../../arm-none-eabi/lib/thumb/v7e-m+fp/hard\libc_nano.a(lib_a-mprec.o)
                0x000000000800d528                __hi0bits
 .text.__lo0bits
                0x000000000800d568       0x60 c:/st/stm32cubeide_1.7.0/stm32cubeide/plugins/com.st.stm32cube.ide.mcu.externaltools.gnu-tools-for-stm32.9-2020-q2-update.win32_2.0.0.202105311346/tools/bin/../lib/gcc/arm-none-eabi/9.3.1/../../../../arm-none-eabi/lib/thumb/v7e-m+fp/hard\libc_nano.a(lib_a-mprec.o)
                0x000000000800d568                __lo0bits
 .text.__i2b    0x000000000800d5c8       0x2c c:/st/stm32cubeide_1.7.0/stm32cubeide/plugins/com.st.stm32cube.ide.mcu.externaltools.gnu-tools-for-stm32.9-2020-q2-update.win32_2.0.0.202105311346/tools/bin/../lib/gcc/arm-none-eabi/9.3.1/../../../../arm-none-eabi/lib/thumb/v7e-m+fp/hard\libc_nano.a(lib_a-mprec.o)
                0x000000000800d5c8                __i2b
 .text.__multiply
                0x000000000800d5f4      0x14c c:/st/stm32cubeide_1.7.0/stm32cubeide/plugins/com.st.stm32cube.ide.mcu.externaltools.gnu-tools-for-stm32.9-2020-q2-update.win32_2.0.0.202105311346/tools/bin/../lib/gcc/arm-none-eabi/9.3.1/../../../../arm-none-eabi/lib/thumb/v7e-m+fp/hard\libc_nano.a(lib_a-mprec.o)
                0x000000000800d5f4                __multiply
 .text.__pow5mult
                0x000000000800d740       0xb4 c:/st/stm32cubeide_1.7.0/stm32cubeide/plugins/com.st.stm32cube.ide.mcu.externaltools.gnu-tools-for-stm32.9-2020-q2-update.win32_2.0.0.202105311346/tools/bin/../lib/gcc/arm-none-eabi/9.3.1/../../../../arm-none-eabi/lib/thumb/v7e-m+fp/hard\libc_nano.a(lib_a-mprec.o)
                0x000000000800d740                __pow5mult
 .text.__lshift
                0x000000000800d7f4       0xd8 c:/st/stm32cubeide_1.7.0/stm32cubeide/plugins/com.st.stm32cube.ide.mcu.externaltools.gnu-tools-for-stm32.9-2020-q2-update.win32_2.0.0.202105311346/tools/bin/../lib/gcc/arm-none-eabi/9.3.1/../../../../arm-none-eabi/lib/thumb/v7e-m+fp/hard\libc_nano.a(lib_a-mprec.o)
                0x000000000800d7f4                __lshift
 .text.__mcmp   0x000000000800d8cc       0x38 c:/st/stm32cubeide_1.7.0/stm32cubeide/plugins/com.st.stm32cube.ide.mcu.externaltools.gnu-tools-for-stm32.9-2020-q2-update.win32_2.0.0.202105311346/tools/bin/../lib/gcc/arm-none-eabi/9.3.1/../../../../arm-none-eabi/lib/thumb/v7e-m+fp/hard\libc_nano.a(lib_a-mprec.o)
                0x000000000800d8cc                __mcmp
 .text.__mdiff  0x000000000800d904      0x110 c:/st/stm32cubeide_1.7.0/stm32cubeide/plugins/com.st.stm32cube.ide.mcu.externaltools.gnu-tools-for-stm32.9-2020-q2-update.win32_2.0.0.202105311346/tools/bin/../lib/gcc/arm-none-eabi/9.3.1/../../../../arm-none-eabi/lib/thumb/v7e-m+fp/hard\libc_nano.a(lib_a-mprec.o)
                0x000000000800d904                __mdiff
 .text.__d2b    0x000000000800da14       0xb8 c:/st/stm32cubeide_1.7.0/stm32cubeide/plugins/com.st.stm32cube.ide.mcu.externaltools.gnu-tools-for-stm32.9-2020-q2-update.win32_2.0.0.202105311346/tools/bin/../lib/gcc/arm-none-eabi/9.3.1/../../../../arm-none-eabi/lib/thumb/v7e-m+fp/hard\libc_nano.a(lib_a-mprec.o)
                0x000000000800da14                __d2b
 .text._calloc_r
                0x000000000800dacc       0x1e c:/st/stm32cubeide_1.7.0/stm32cubeide/plugins/com.st.stm32cube.ide.mcu.externaltools.gnu-tools-for-stm32.9-2020-q2-update.win32_2.0.0.202105311346/tools/bin/../lib/gcc/arm-none-eabi/9.3.1/../../../../arm-none-eabi/lib/thumb/v7e-m+fp/hard\libc_nano.a(lib_a-nano-callocr.o)
                0x000000000800dacc                _calloc_r
 .text._realloc_r
                0x000000000800daea       0x4c c:/st/stm32cubeide_1.7.0/stm32cubeide/plugins/com.st.stm32cube.ide.mcu.externaltools.gnu-tools-for-stm32.9-2020-q2-update.win32_2.0.0.202105311346/tools/bin/../lib/gcc/arm-none-eabi/9.3.1/../../../../arm-none-eabi/lib/thumb/v7e-m+fp/hard\libc_nano.a(lib_a-nano-reallocr.o)
                0x000000000800daea                _realloc_r
 .text.__ssputs_r
                0x000000000800db36       0xb6 c:/st/stm32cubeide_1.7.0/stm32cubeide/plugins/com.st.stm32cube.ide.mcu.externaltools.gnu-tools-for-stm32.9-2020-q2-update.win32_2.0.0.202105311346/tools/bin/../lib/gcc/arm-none-eabi/9.3.1/../../../../arm-none-eabi/lib/thumb/v7e-m+fp/hard\libc_nano.a(lib_a-nano-svfprintf.o)
                0x000000000800db36                __ssputs_r
 .text._svfprintf_r
                0x000000000800dbec      0x200 c:/st/stm32cubeide_1.7.0/stm32cubeide/plugins/com.st.stm32cube.ide.mcu.externaltools.gnu-tools-for-stm32.9-2020-q2-update.win32_2.0.0.202105311346/tools/bin/../lib/gcc/arm-none-eabi/9.3.1/../../../../arm-none-eabi/lib/thumb/v7e-m+fp/hard\libc_nano.a(lib_a-nano-svfprintf.o)
                0x000000000800dbec                _svfiprintf_r
                0x000000000800dbec                _svfprintf_r
 .text.__assert_func
                0x000000000800ddec       0x3c c:/st/stm32cubeide_1.7.0/stm32cubeide/plugins/com.st.stm32cube.ide.mcu.externaltools.gnu-tools-for-stm32.9-2020-q2-update.win32_2.0.0.202105311346/tools/bin/../lib/gcc/arm-none-eabi/9.3.1/../../../../arm-none-eabi/lib/thumb/v7e-m+fp/hard\libc_nano.a(lib_a-assert.o)
                0x000000000800ddec                __assert_func
 .text.fprintf  0x000000000800de28       0x24 c:/st/stm32cubeide_1.7.0/stm32cubeide/plugins/com.st.stm32cube.ide.mcu.externaltools.gnu-tools-for-stm32.9-2020-q2-update.win32_2.0.0.202105311346/tools/bin/../lib/gcc/arm-none-eabi/9.3.1/../../../../arm-none-eabi/lib/thumb/v7e-m+fp/hard\libc_nano.a(lib_a-fprintf.o)
                0x000000000800de28                fiprintf
                0x000000000800de28                fprintf
 .text.__retarget_lock_init_recursive
                0x000000000800de4c        0x2 c:/st/stm32cubeide_1.7.0/stm32cubeide/plugins/com.st.stm32cube.ide.mcu.externaltools.gnu-tools-for-stm32.9-2020-q2-update.win32_2.0.0.202105311346/tools/bin/../lib/gcc/arm-none-eabi/9.3.1/../../../../arm-none-eabi/lib/thumb/v7e-m+fp/hard\libc_nano.a(lib_a-lock.o)
                0x000000000800de4c                __retarget_lock_init_recursive
 .text.__retarget_lock_acquire_recursive
                0x000000000800de4e        0x2 c:/st/stm32cubeide_1.7.0/stm32cubeide/plugins/com.st.stm32cube.ide.mcu.externaltools.gnu-tools-for-stm32.9-2020-q2-update.win32_2.0.0.202105311346/tools/bin/../lib/gcc/arm-none-eabi/9.3.1/../../../../arm-none-eabi/lib/thumb/v7e-m+fp/hard\libc_nano.a(lib_a-lock.o)
                0x000000000800de4e                __retarget_lock_acquire_recursive
 .text.__retarget_lock_release_recursive
                0x000000000800de50        0x2 c:/st/stm32cubeide_1.7.0/stm32cubeide/plugins/com.st.stm32cube.ide.mcu.externaltools.gnu-tools-for-stm32.9-2020-q2-update.win32_2.0.0.202105311346/tools/bin/../lib/gcc/arm-none-eabi/9.3.1/../../../../arm-none-eabi/lib/thumb/v7e-m+fp/hard\libc_nano.a(lib_a-lock.o)
                0x000000000800de50                __retarget_lock_release_recursive
 .text.__ascii_mbtowc
                0x000000000800de52       0x24 c:/st/stm32cubeide_1.7.0/stm32cubeide/plugins/com.st.stm32cube.ide.mcu.externaltools.gnu-tools-for-stm32.9-2020-q2-update.win32_2.0.0.202105311346/tools/bin/../lib/gcc/arm-none-eabi/9.3.1/../../../../arm-none-eabi/lib/thumb/v7e-m+fp/hard\libc_nano.a(lib_a-mbtowc_r.o)
                0x000000000800de52                __ascii_mbtowc
 .text._malloc_usable_size_r
                0x000000000800de76       0x10 c:/st/stm32cubeide_1.7.0/stm32cubeide/plugins/com.st.stm32cube.ide.mcu.externaltools.gnu-tools-for-stm32.9-2020-q2-update.win32_2.0.0.202105311346/tools/bin/../lib/gcc/arm-none-eabi/9.3.1/../../../../arm-none-eabi/lib/thumb/v7e-m+fp/hard\libc_nano.a(lib_a-nano-msizer.o)
                0x000000000800de76                _malloc_usable_size_r
 .text.__sfputc_r
                0x000000000800de86       0x2e c:/st/stm32cubeide_1.7.0/stm32cubeide/plugins/com.st.stm32cube.ide.mcu.externaltools.gnu-tools-for-stm32.9-2020-q2-update.win32_2.0.0.202105311346/tools/bin/../lib/gcc/arm-none-eabi/9.3.1/../../../../arm-none-eabi/lib/thumb/v7e-m+fp/hard\libc_nano.a(lib_a-nano-vfprintf.o)
 .text.__sfputs_r
                0x000000000800deb4       0x24 c:/st/stm32cubeide_1.7.0/stm32cubeide/plugins/com.st.stm32cube.ide.mcu.externaltools.gnu-tools-for-stm32.9-2020-q2-update.win32_2.0.0.202105311346/tools/bin/../lib/gcc/arm-none-eabi/9.3.1/../../../../arm-none-eabi/lib/thumb/v7e-m+fp/hard\libc_nano.a(lib_a-nano-vfprintf.o)
                0x000000000800deb4                __sfputs_r
 .text._vfprintf_r
                0x000000000800ded8      0x260 c:/st/stm32cubeide_1.7.0/stm32cubeide/plugins/com.st.stm32cube.ide.mcu.externaltools.gnu-tools-for-stm32.9-2020-q2-update.win32_2.0.0.202105311346/tools/bin/../lib/gcc/arm-none-eabi/9.3.1/../../../../arm-none-eabi/lib/thumb/v7e-m+fp/hard\libc_nano.a(lib_a-nano-vfprintf.o)
                0x000000000800ded8                _vfprintf_r
                0x000000000800ded8                _vfiprintf_r
 .text.__swbuf_r
                0x000000000800e138       0xa4 c:/st/stm32cubeide_1.7.0/stm32cubeide/plugins/com.st.stm32cube.ide.mcu.externaltools.gnu-tools-for-stm32.9-2020-q2-update.win32_2.0.0.202105311346/tools/bin/../lib/gcc/arm-none-eabi/9.3.1/../../../../arm-none-eabi/lib/thumb/v7e-m+fp/hard\libc_nano.a(lib_a-wbuf.o)
                0x000000000800e138                __swbuf_r
 .text.__ascii_wctomb
                0x000000000800e1dc       0x1a c:/st/stm32cubeide_1.7.0/stm32cubeide/plugins/com.st.stm32cube.ide.mcu.externaltools.gnu-tools-for-stm32.9-2020-q2-update.win32_2.0.0.202105311346/tools/bin/../lib/gcc/arm-none-eabi/9.3.1/../../../../arm-none-eabi/lib/thumb/v7e-m+fp/hard\libc_nano.a(lib_a-wctomb_r.o)
                0x000000000800e1dc                __ascii_wctomb
 *fill*         0x000000000800e1f6        0x2 
 .text.__swsetup_r
                0x000000000800e1f8       0xdc c:/st/stm32cubeide_1.7.0/stm32cubeide/plugins/com.st.stm32cube.ide.mcu.externaltools.gnu-tools-for-stm32.9-2020-q2-update.win32_2.0.0.202105311346/tools/bin/../lib/gcc/arm-none-eabi/9.3.1/../../../../arm-none-eabi/lib/thumb/v7e-m+fp/hard\libc_nano.a(lib_a-wsetup.o)
                0x000000000800e1f8                __swsetup_r
 .text.abort    0x000000000800e2d4        0xe c:/st/stm32cubeide_1.7.0/stm32cubeide/plugins/com.st.stm32cube.ide.mcu.externaltools.gnu-tools-for-stm32.9-2020-q2-update.win32_2.0.0.202105311346/tools/bin/../lib/gcc/arm-none-eabi/9.3.1/../../../../arm-none-eabi/lib/thumb/v7e-m+fp/hard\libc_nano.a(lib_a-abort.o)
                0x000000000800e2d4                abort
 *fill*         0x000000000800e2e2        0x2 
 .text.__sflush_r
                0x000000000800e2e4      0x10c c:/st/stm32cubeide_1.7.0/stm32cubeide/plugins/com.st.stm32cube.ide.mcu.externaltools.gnu-tools-for-stm32.9-2020-q2-update.win32_2.0.0.202105311346/tools/bin/../lib/gcc/arm-none-eabi/9.3.1/../../../../arm-none-eabi/lib/thumb/v7e-m+fp/hard\libc_nano.a(lib_a-fflush.o)
                0x000000000800e2e4                __sflush_r
 .text._fflush_r
                0x000000000800e3f0       0x78 c:/st/stm32cubeide_1.7.0/stm32cubeide/plugins/com.st.stm32cube.ide.mcu.externaltools.gnu-tools-for-stm32.9-2020-q2-update.win32_2.0.0.202105311346/tools/bin/../lib/gcc/arm-none-eabi/9.3.1/../../../../arm-none-eabi/lib/thumb/v7e-m+fp/hard\libc_nano.a(lib_a-fflush.o)
                0x000000000800e3f0                _fflush_r
 .text.std      0x000000000800e468       0x48 c:/st/stm32cubeide_1.7.0/stm32cubeide/plugins/com.st.stm32cube.ide.mcu.externaltools.gnu-tools-for-stm32.9-2020-q2-update.win32_2.0.0.202105311346/tools/bin/../lib/gcc/arm-none-eabi/9.3.1/../../../../arm-none-eabi/lib/thumb/v7e-m+fp/hard\libc_nano.a(lib_a-findfp.o)
 .text._cleanup_r
                0x000000000800e4b0        0xc c:/st/stm32cubeide_1.7.0/stm32cubeide/plugins/com.st.stm32cube.ide.mcu.externaltools.gnu-tools-for-stm32.9-2020-q2-update.win32_2.0.0.202105311346/tools/bin/../lib/gcc/arm-none-eabi/9.3.1/../../../../arm-none-eabi/lib/thumb/v7e-m+fp/hard\libc_nano.a(lib_a-findfp.o)
                0x000000000800e4b0                _cleanup_r
 .text.__sfmoreglue
                0x000000000800e4bc       0x2c c:/st/stm32cubeide_1.7.0/stm32cubeide/plugins/com.st.stm32cube.ide.mcu.externaltools.gnu-tools-for-stm32.9-2020-q2-update.win32_2.0.0.202105311346/tools/bin/../lib/gcc/arm-none-eabi/9.3.1/../../../../arm-none-eabi/lib/thumb/v7e-m+fp/hard\libc_nano.a(lib_a-findfp.o)
                0x000000000800e4bc                __sfmoreglue
 .text.__sfp_lock_acquire
                0x000000000800e4e8        0xc c:/st/stm32cubeide_1.7.0/stm32cubeide/plugins/com.st.stm32cube.ide.mcu.externaltools.gnu-tools-for-stm32.9-2020-q2-update.win32_2.0.0.202105311346/tools/bin/../lib/gcc/arm-none-eabi/9.3.1/../../../../arm-none-eabi/lib/thumb/v7e-m+fp/hard\libc_nano.a(lib_a-findfp.o)
                0x000000000800e4e8                __sfp_lock_acquire
 .text.__sfp_lock_release
                0x000000000800e4f4        0xc c:/st/stm32cubeide_1.7.0/stm32cubeide/plugins/com.st.stm32cube.ide.mcu.externaltools.gnu-tools-for-stm32.9-2020-q2-update.win32_2.0.0.202105311346/tools/bin/../lib/gcc/arm-none-eabi/9.3.1/../../../../arm-none-eabi/lib/thumb/v7e-m+fp/hard\libc_nano.a(lib_a-findfp.o)
                0x000000000800e4f4                __sfp_lock_release
 .text.__sinit_lock_acquire
                0x000000000800e500        0xc c:/st/stm32cubeide_1.7.0/stm32cubeide/plugins/com.st.stm32cube.ide.mcu.externaltools.gnu-tools-for-stm32.9-2020-q2-update.win32_2.0.0.202105311346/tools/bin/../lib/gcc/arm-none-eabi/9.3.1/../../../../arm-none-eabi/lib/thumb/v7e-m+fp/hard\libc_nano.a(lib_a-findfp.o)
                0x000000000800e500                __sinit_lock_acquire
 .text.__sinit_lock_release
                0x000000000800e50c        0xc c:/st/stm32cubeide_1.7.0/stm32cubeide/plugins/com.st.stm32cube.ide.mcu.externaltools.gnu-tools-for-stm32.9-2020-q2-update.win32_2.0.0.202105311346/tools/bin/../lib/gcc/arm-none-eabi/9.3.1/../../../../arm-none-eabi/lib/thumb/v7e-m+fp/hard\libc_nano.a(lib_a-findfp.o)
                0x000000000800e50c                __sinit_lock_release
 .text.__sinit  0x000000000800e518       0x70 c:/st/stm32cubeide_1.7.0/stm32cubeide/plugins/com.st.stm32cube.ide.mcu.externaltools.gnu-tools-for-stm32.9-2020-q2-update.win32_2.0.0.202105311346/tools/bin/../lib/gcc/arm-none-eabi/9.3.1/../../../../arm-none-eabi/lib/thumb/v7e-m+fp/hard\libc_nano.a(lib_a-findfp.o)
                0x000000000800e518                __sinit
 .text.__sfp    0x000000000800e588       0x8c c:/st/stm32cubeide_1.7.0/stm32cubeide/plugins/com.st.stm32cube.ide.mcu.externaltools.gnu-tools-for-stm32.9-2020-q2-update.win32_2.0.0.202105311346/tools/bin/../lib/gcc/arm-none-eabi/9.3.1/../../../../arm-none-eabi/lib/thumb/v7e-m+fp/hard\libc_nano.a(lib_a-findfp.o)
                0x000000000800e588                __sfp
 .text._fwalk_reent
                0x000000000800e614       0x3e c:/st/stm32cubeide_1.7.0/stm32cubeide/plugins/com.st.stm32cube.ide.mcu.externaltools.gnu-tools-for-stm32.9-2020-q2-update.win32_2.0.0.202105311346/tools/bin/../lib/gcc/arm-none-eabi/9.3.1/../../../../arm-none-eabi/lib/thumb/v7e-m+fp/hard\libc_nano.a(lib_a-fwalk.o)
                0x000000000800e614                _fwalk_reent
 .text.__swhatbuf_r
                0x000000000800e652       0x48 c:/st/stm32cubeide_1.7.0/stm32cubeide/plugins/com.st.stm32cube.ide.mcu.externaltools.gnu-tools-for-stm32.9-2020-q2-update.win32_2.0.0.202105311346/tools/bin/../lib/gcc/arm-none-eabi/9.3.1/../../../../arm-none-eabi/lib/thumb/v7e-m+fp/hard\libc_nano.a(lib_a-makebuf.o)
                0x000000000800e652                __swhatbuf_r
 *fill*         0x000000000800e69a        0x2 
 .text.__smakebuf_r
                0x000000000800e69c       0x80 c:/st/stm32cubeide_1.7.0/stm32cubeide/plugins/com.st.stm32cube.ide.mcu.externaltools.gnu-tools-for-stm32.9-2020-q2-update.win32_2.0.0.202105311346/tools/bin/../lib/gcc/arm-none-eabi/9.3.1/../../../../arm-none-eabi/lib/thumb/v7e-m+fp/hard\libc_nano.a(lib_a-makebuf.o)
                0x000000000800e69c                __smakebuf_r
 .text._raise_r
                0x000000000800e71c       0x50 c:/st/stm32cubeide_1.7.0/stm32cubeide/plugins/com.st.stm32cube.ide.mcu.externaltools.gnu-tools-for-stm32.9-2020-q2-update.win32_2.0.0.202105311346/tools/bin/../lib/gcc/arm-none-eabi/9.3.1/../../../../arm-none-eabi/lib/thumb/v7e-m+fp/hard\libc_nano.a(lib_a-signal.o)
                0x000000000800e71c                _raise_r
 .text.raise    0x000000000800e76c       0x10 c:/st/stm32cubeide_1.7.0/stm32cubeide/plugins/com.st.stm32cube.ide.mcu.externaltools.gnu-tools-for-stm32.9-2020-q2-update.win32_2.0.0.202105311346/tools/bin/../lib/gcc/arm-none-eabi/9.3.1/../../../../arm-none-eabi/lib/thumb/v7e-m+fp/hard\libc_nano.a(lib_a-signal.o)
                0x000000000800e76c                raise
 .text._kill_r  0x000000000800e77c       0x24 c:/st/stm32cubeide_1.7.0/stm32cubeide/plugins/com.st.stm32cube.ide.mcu.externaltools.gnu-tools-for-stm32.9-2020-q2-update.win32_2.0.0.202105311346/tools/bin/../lib/gcc/arm-none-eabi/9.3.1/../../../../arm-none-eabi/lib/thumb/v7e-m+fp/hard\libc_nano.a(lib_a-signalr.o)
                0x000000000800e77c                _kill_r
 .text._getpid_r
                0x000000000800e7a0        0x4 c:/st/stm32cubeide_1.7.0/stm32cubeide/plugins/com.st.stm32cube.ide.mcu.externaltools.gnu-tools-for-stm32.9-2020-q2-update.win32_2.0.0.202105311346/tools/bin/../lib/gcc/arm-none-eabi/9.3.1/../../../../arm-none-eabi/lib/thumb/v7e-m+fp/hard\libc_nano.a(lib_a-signalr.o)
                0x000000000800e7a0                _getpid_r
 .text.__sread  0x000000000800e7a4       0x22 c:/st/stm32cubeide_1.7.0/stm32cubeide/plugins/com.st.stm32cube.ide.mcu.externaltools.gnu-tools-for-stm32.9-2020-q2-update.win32_2.0.0.202105311346/tools/bin/../lib/gcc/arm-none-eabi/9.3.1/../../../../arm-none-eabi/lib/thumb/v7e-m+fp/hard\libc_nano.a(lib_a-stdio.o)
                0x000000000800e7a4                __sread
 .text.__swrite
                0x000000000800e7c6       0x38 c:/st/stm32cubeide_1.7.0/stm32cubeide/plugins/com.st.stm32cube.ide.mcu.externaltools.gnu-tools-for-stm32.9-2020-q2-update.win32_2.0.0.202105311346/tools/bin/../lib/gcc/arm-none-eabi/9.3.1/../../../../arm-none-eabi/lib/thumb/v7e-m+fp/hard\libc_nano.a(lib_a-stdio.o)
                0x000000000800e7c6                __swrite
 .text.__sseek  0x000000000800e7fe       0x24 c:/st/stm32cubeide_1.7.0/stm32cubeide/plugins/com.st.stm32cube.ide.mcu.externaltools.gnu-tools-for-stm32.9-2020-q2-update.win32_2.0.0.202105311346/tools/bin/../lib/gcc/arm-none-eabi/9.3.1/../../../../arm-none-eabi/lib/thumb/v7e-m+fp/hard\libc_nano.a(lib_a-stdio.o)
                0x000000000800e7fe                __sseek
 .text.__sclose
                0x000000000800e822        0x8 c:/st/stm32cubeide_1.7.0/stm32cubeide/plugins/com.st.stm32cube.ide.mcu.externaltools.gnu-tools-for-stm32.9-2020-q2-update.win32_2.0.0.202105311346/tools/bin/../lib/gcc/arm-none-eabi/9.3.1/../../../../arm-none-eabi/lib/thumb/v7e-m+fp/hard\libc_nano.a(lib_a-stdio.o)
                0x000000000800e822                __sclose
 *fill*         0x000000000800e82a        0x2 
 .text._write_r
                0x000000000800e82c       0x24 c:/st/stm32cubeide_1.7.0/stm32cubeide/plugins/com.st.stm32cube.ide.mcu.externaltools.gnu-tools-for-stm32.9-2020-q2-update.win32_2.0.0.202105311346/tools/bin/../lib/gcc/arm-none-eabi/9.3.1/../../../../arm-none-eabi/lib/thumb/v7e-m+fp/hard\libc_nano.a(lib_a-writer.o)
                0x000000000800e82c                _write_r
 .text._close_r
                0x000000000800e850       0x20 c:/st/stm32cubeide_1.7.0/stm32cubeide/plugins/com.st.stm32cube.ide.mcu.externaltools.gnu-tools-for-stm32.9-2020-q2-update.win32_2.0.0.202105311346/tools/bin/../lib/gcc/arm-none-eabi/9.3.1/../../../../arm-none-eabi/lib/thumb/v7e-m+fp/hard\libc_nano.a(lib_a-closer.o)
                0x000000000800e850                _close_r
 .text._fstat_r
                0x000000000800e870       0x24 c:/st/stm32cubeide_1.7.0/stm32cubeide/plugins/com.st.stm32cube.ide.mcu.externaltools.gnu-tools-for-stm32.9-2020-q2-update.win32_2.0.0.202105311346/tools/bin/../lib/gcc/arm-none-eabi/9.3.1/../../../../arm-none-eabi/lib/thumb/v7e-m+fp/hard\libc_nano.a(lib_a-fstatr.o)
                0x000000000800e870                _fstat_r
 .text._isatty_r
                0x000000000800e894       0x20 c:/st/stm32cubeide_1.7.0/stm32cubeide/plugins/com.st.stm32cube.ide.mcu.externaltools.gnu-tools-for-stm32.9-2020-q2-update.win32_2.0.0.202105311346/tools/bin/../lib/gcc/arm-none-eabi/9.3.1/../../../../arm-none-eabi/lib/thumb/v7e-m+fp/hard\libc_nano.a(lib_a-isattyr.o)
                0x000000000800e894                _isatty_r
 .text._lseek_r
                0x000000000800e8b4       0x24 c:/st/stm32cubeide_1.7.0/stm32cubeide/plugins/com.st.stm32cube.ide.mcu.externaltools.gnu-tools-for-stm32.9-2020-q2-update.win32_2.0.0.202105311346/tools/bin/../lib/gcc/arm-none-eabi/9.3.1/../../../../arm-none-eabi/lib/thumb/v7e-m+fp/hard\libc_nano.a(lib_a-lseekr.o)
                0x000000000800e8b4                _lseek_r
 .text._read_r  0x000000000800e8d8       0x24 c:/st/stm32cubeide_1.7.0/stm32cubeide/plugins/com.st.stm32cube.ide.mcu.externaltools.gnu-tools-for-stm32.9-2020-q2-update.win32_2.0.0.202105311346/tools/bin/../lib/gcc/arm-none-eabi/9.3.1/../../../../arm-none-eabi/lib/thumb/v7e-m+fp/hard\libc_nano.a(lib_a-readr.o)
                0x000000000800e8d8                _read_r
 .text.fabsf    0x000000000800e8fc        0xe c:/st/stm32cubeide_1.7.0/stm32cubeide/plugins/com.st.stm32cube.ide.mcu.externaltools.gnu-tools-for-stm32.9-2020-q2-update.win32_2.0.0.202105311346/tools/bin/../lib/gcc/arm-none-eabi/9.3.1/../../../../arm-none-eabi/lib/thumb/v7e-m+fp/hard\libm.a(lib_a-sf_fabs.o)
                0x000000000800e8fc                fabsf
 *fill*         0x000000000800e90a        0x2 
 .text.tanhf    0x000000000800e90c       0xa4 c:/st/stm32cubeide_1.7.0/stm32cubeide/plugins/com.st.stm32cube.ide.mcu.externaltools.gnu-tools-for-stm32.9-2020-q2-update.win32_2.0.0.202105311346/tools/bin/../lib/gcc/arm-none-eabi/9.3.1/../../../../arm-none-eabi/lib/thumb/v7e-m+fp/hard\libm.a(lib_a-sf_tanh.o)
                0x000000000800e90c                tanhf
 .text.expf     0x000000000800e9b0       0x7c c:/st/stm32cubeide_1.7.0/stm32cubeide/plugins/com.st.stm32cube.ide.mcu.externaltools.gnu-tools-for-stm32.9-2020-q2-update.win32_2.0.0.202105311346/tools/bin/../lib/gcc/arm-none-eabi/9.3.1/../../../../arm-none-eabi/lib/thumb/v7e-m+fp/hard\libm.a(lib_a-wf_exp.o)
                0x000000000800e9b0                expf
 .text.sqrtf    0x000000000800ea2c       0x4c c:/st/stm32cubeide_1.7.0/stm32cubeide/plugins/com.st.stm32cube.ide.mcu.externaltools.gnu-tools-for-stm32.9-2020-q2-update.win32_2.0.0.202105311346/tools/bin/../lib/gcc/arm-none-eabi/9.3.1/../../../../arm-none-eabi/lib/thumb/v7e-m+fp/hard\libm.a(lib_a-wf_sqrt.o)
                0x000000000800ea2c                sqrtf
 .text.__ieee754_expf
                0x000000000800ea78      0x1a8 c:/st/stm32cubeide_1.7.0/stm32cubeide/plugins/com.st.stm32cube.ide.mcu.externaltools.gnu-tools-for-stm32.9-2020-q2-update.win32_2.0.0.202105311346/tools/bin/../lib/gcc/arm-none-eabi/9.3.1/../../../../arm-none-eabi/lib/thumb/v7e-m+fp/hard\libm.a(lib_a-ef_exp.o)
                0x000000000800ea78                __ieee754_expf
 .text.__ieee754_sqrtf
                0x000000000800ec20        0x6 c:/st/stm32cubeide_1.7.0/stm32cubeide/plugins/com.st.stm32cube.ide.mcu.externaltools.gnu-tools-for-stm32.9-2020-q2-update.win32_2.0.0.202105311346/tools/bin/../lib/gcc/arm-none-eabi/9.3.1/../../../../arm-none-eabi/lib/thumb/v7e-m+fp/hard\libm.a(lib_a-ef_sqrt.o)
                0x000000000800ec20                __ieee754_sqrtf
 .text.with_errnof
                0x000000000800ec26       0x16 c:/st/stm32cubeide_1.7.0/stm32cubeide/plugins/com.st.stm32cube.ide.mcu.externaltools.gnu-tools-for-stm32.9-2020-q2-update.win32_2.0.0.202105311346/tools/bin/../lib/gcc/arm-none-eabi/9.3.1/../../../../arm-none-eabi/lib/thumb/v7e-m+fp/hard\libm.a(lib_a-math_errf.o)
 .text.xflowf.constprop.0
                0x000000000800ec3c       0x24 c:/st/stm32cubeide_1.7.0/stm32cubeide/plugins/com.st.stm32cube.ide.mcu.externaltools.gnu-tools-for-stm32.9-2020-q2-update.win32_2.0.0.202105311346/tools/bin/../lib/gcc/arm-none-eabi/9.3.1/../../../../arm-none-eabi/lib/thumb/v7e-m+fp/hard\libm.a(lib_a-math_errf.o)
 .text.__math_oflowf
                0x000000000800ec60        0x4 c:/st/stm32cubeide_1.7.0/stm32cubeide/plugins/com.st.stm32cube.ide.mcu.externaltools.gnu-tools-for-stm32.9-2020-q2-update.win32_2.0.0.202105311346/tools/bin/../lib/gcc/arm-none-eabi/9.3.1/../../../../arm-none-eabi/lib/thumb/v7e-m+fp/hard\libm.a(lib_a-math_errf.o)
                0x000000000800ec60                __math_oflowf
 .text.expm1f   0x000000000800ec64      0x240 c:/st/stm32cubeide_1.7.0/stm32cubeide/plugins/com.st.stm32cube.ide.mcu.externaltools.gnu-tools-for-stm32.9-2020-q2-update.win32_2.0.0.202105311346/tools/bin/../lib/gcc/arm-none-eabi/9.3.1/../../../../arm-none-eabi/lib/thumb/v7e-m+fp/hard\libm.a(lib_a-sf_expm1.o)
                0x000000000800ec64                expm1f