main.c:88:5:main	13616	static
main.c:229:6:HAL_I2C_ErrorCallback	16	static
main.c:238:6:SystemClock_Config	88	static
main.c:280:13:MX_CRC_Init	8	static
main.c:304:13:MX_I2C1_Init	8	static
main.c:336:13:MX_USART2_UART_Init	8	static
main.c:367:13:MX_GPIO_Init	48	static
main.c:409:6:StartTask1	136	static
main.c:460:6:StartTask02	72	static
main.c:500:6:StartTask03	24	static
main.c:508:7:gravitystatic	24	static
main.c:526:5:max_index	24	static
main.c:535:6:printresult	32	static
main.c:573:6:MutexAcquire	24	static
main.c:580:6:debug	144	static
main.c:586:6:DisplayStep	16	static
main.c:605:6:MutexRelease	24	static
main.c:616:6:Error_Handler	4	static,ignoring_inline_asm
