main.c:83:5:main	13616	static
main.c:230:6:SystemClock_Config	88	static
main.c:272:13:MX_CRC_Init	8	static
main.c:296:13:MX_I2C1_Init	8	static
main.c:328:13:MX_USART2_UART_Init	8	static
main.c:359:13:MX_GPIO_Init	48	static
main.c:401:6:StartTask1	56	static
main.c:420:6:StartTask02	80	static
main.c:459:6:StartTask03	72	static
main.c:487:7:gravitystatic	24	static
main.c:505:6:printresult	32	static
main.c:548:6:MutexAcquire	24	static
main.c:556:6:MutexRelease	24	static
main.c:567:6:Error_Handler	4	static,ignoring_inline_asm
