max30100.c:39:6:MAX30100_Init	16	static
max30100.c:46:9:MAX30100_ReadReg	32	static
max30100.c:53:6:MAX30100_WriteReg	32	static
max30100.c:58:6:MAX30100_EnableInterrupt	32	static
max30100.c:63:6:MAX30100_InterruptHandler	16	static
max30100.c:82:6:MAX30100_SetMode	24	static
max30100.c:98:6:MAX30100_SetSpO2SampleRate	24	static
max30100.c:104:6:MAX30100_SetLEDPulseWidth	24	static
max30100.c:109:6:MAX30100_SetLEDCurrent	16	static
max30100.c:115:6:MAX30100_ClearFIFO	8	static
max30100.c:121:6:MAX30100_ReadFIFO	88	static
max30100.c:136:7:MAX30100_ReadTemperature	24	static
max30100.c:142:6:MAX30100_PlotTemperatureToUART	40	static
max30100.c:150:6:MAX30100_PlotIrToUART	40	static
max30100.c:158:6:MAX30100_PlotBothToUART	48	static
max30100.c:166:6:MAX30100_Stop	8	static
max30100.c:172:6:MAX30100_Pause	8	static
max30100.c:180:6:MAX30100_Resume	8	static
max30100.c:185:6:Dc_Removal	24	static
max30100.c:200:6:meanDiff	16	static
max30100.c:225:6:lowpassfilter	24	static
max30100.c:242:9:detectPulse	32	static
max30100.c:335:9:heart_rate	16	static
